Archive member included to satisfy reference by file (symbol)

c:/st/stm32cubeide_1.4.0/stm32cubeide/plugins/com.st.stm32cube.ide.mcu.externaltools.gnu-tools-for-stm32.7-2018-q2-update.win32_1.4.0.202007081208/tools/bin/../lib/gcc/arm-none-eabi/7.3.1/../../../../arm-none-eabi/lib/thumb/v7e-m/fpv4-sp/hard\libc_nano.a(lib_a-errno.o)
                              Core/Src/syscalls.o (__errno)
c:/st/stm32cubeide_1.4.0/stm32cubeide/plugins/com.st.stm32cube.ide.mcu.externaltools.gnu-tools-for-stm32.7-2018-q2-update.win32_1.4.0.202007081208/tools/bin/../lib/gcc/arm-none-eabi/7.3.1/../../../../arm-none-eabi/lib/thumb/v7e-m/fpv4-sp/hard\libc_nano.a(lib_a-exit.o)
                              c:/st/stm32cubeide_1.4.0/stm32cubeide/plugins/com.st.stm32cube.ide.mcu.externaltools.gnu-tools-for-stm32.7-2018-q2-update.win32_1.4.0.202007081208/tools/bin/../lib/gcc/arm-none-eabi/7.3.1/../../../../arm-none-eabi/lib/thumb/v7e-m/fpv4-sp/hard/crt0.o (exit)
c:/st/stm32cubeide_1.4.0/stm32cubeide/plugins/com.st.stm32cube.ide.mcu.externaltools.gnu-tools-for-stm32.7-2018-q2-update.win32_1.4.0.202007081208/tools/bin/../lib/gcc/arm-none-eabi/7.3.1/../../../../arm-none-eabi/lib/thumb/v7e-m/fpv4-sp/hard\libc_nano.a(lib_a-impure.o)
                              c:/st/stm32cubeide_1.4.0/stm32cubeide/plugins/com.st.stm32cube.ide.mcu.externaltools.gnu-tools-for-stm32.7-2018-q2-update.win32_1.4.0.202007081208/tools/bin/../lib/gcc/arm-none-eabi/7.3.1/../../../../arm-none-eabi/lib/thumb/v7e-m/fpv4-sp/hard\libc_nano.a(lib_a-exit.o) (_global_impure_ptr)
c:/st/stm32cubeide_1.4.0/stm32cubeide/plugins/com.st.stm32cube.ide.mcu.externaltools.gnu-tools-for-stm32.7-2018-q2-update.win32_1.4.0.202007081208/tools/bin/../lib/gcc/arm-none-eabi/7.3.1/../../../../arm-none-eabi/lib/thumb/v7e-m/fpv4-sp/hard\libc_nano.a(lib_a-init.o)
                              c:/st/stm32cubeide_1.4.0/stm32cubeide/plugins/com.st.stm32cube.ide.mcu.externaltools.gnu-tools-for-stm32.7-2018-q2-update.win32_1.4.0.202007081208/tools/bin/../lib/gcc/arm-none-eabi/7.3.1/../../../../arm-none-eabi/lib/thumb/v7e-m/fpv4-sp/hard/crt0.o (__libc_init_array)
c:/st/stm32cubeide_1.4.0/stm32cubeide/plugins/com.st.stm32cube.ide.mcu.externaltools.gnu-tools-for-stm32.7-2018-q2-update.win32_1.4.0.202007081208/tools/bin/../lib/gcc/arm-none-eabi/7.3.1/../../../../arm-none-eabi/lib/thumb/v7e-m/fpv4-sp/hard\libc_nano.a(lib_a-memcmp.o)
                              ThirdParty/SEGGER/OS/SEGGER_SYSVIEW_FreeRTOS.o (memcmp)
c:/st/stm32cubeide_1.4.0/stm32cubeide/plugins/com.st.stm32cube.ide.mcu.externaltools.gnu-tools-for-stm32.7-2018-q2-update.win32_1.4.0.202007081208/tools/bin/../lib/gcc/arm-none-eabi/7.3.1/../../../../arm-none-eabi/lib/thumb/v7e-m/fpv4-sp/hard\libc_nano.a(lib_a-memcpy-stub.o)
                              ThirdParty/FreeRTOS/queue.o (memcpy)
c:/st/stm32cubeide_1.4.0/stm32cubeide/plugins/com.st.stm32cube.ide.mcu.externaltools.gnu-tools-for-stm32.7-2018-q2-update.win32_1.4.0.202007081208/tools/bin/../lib/gcc/arm-none-eabi/7.3.1/../../../../arm-none-eabi/lib/thumb/v7e-m/fpv4-sp/hard\libc_nano.a(lib_a-memset.o)
                              c:/st/stm32cubeide_1.4.0/stm32cubeide/plugins/com.st.stm32cube.ide.mcu.externaltools.gnu-tools-for-stm32.7-2018-q2-update.win32_1.4.0.202007081208/tools/bin/../lib/gcc/arm-none-eabi/7.3.1/../../../../arm-none-eabi/lib/thumb/v7e-m/fpv4-sp/hard/crt0.o (memset)
c:/st/stm32cubeide_1.4.0/stm32cubeide/plugins/com.st.stm32cube.ide.mcu.externaltools.gnu-tools-for-stm32.7-2018-q2-update.win32_1.4.0.202007081208/tools/bin/../lib/gcc/arm-none-eabi/7.3.1/../../../../arm-none-eabi/lib/thumb/v7e-m/fpv4-sp/hard\libc_nano.a(lib_a-snprintf.o)
                              Core/Src/main.o (snprintf)
c:/st/stm32cubeide_1.4.0/stm32cubeide/plugins/com.st.stm32cube.ide.mcu.externaltools.gnu-tools-for-stm32.7-2018-q2-update.win32_1.4.0.202007081208/tools/bin/../lib/gcc/arm-none-eabi/7.3.1/../../../../arm-none-eabi/lib/thumb/v7e-m/fpv4-sp/hard\libc_nano.a(lib_a-strlen.o)
                              ThirdParty/SEGGER/SEGGER/SEGGER_RTT.o (strlen)
c:/st/stm32cubeide_1.4.0/stm32cubeide/plugins/com.st.stm32cube.ide.mcu.externaltools.gnu-tools-for-stm32.7-2018-q2-update.win32_1.4.0.202007081208/tools/bin/../lib/gcc/arm-none-eabi/7.3.1/../../../../arm-none-eabi/lib/thumb/v7e-m/fpv4-sp/hard\libc_nano.a(lib_a-nano-svfprintf.o)
                              c:/st/stm32cubeide_1.4.0/stm32cubeide/plugins/com.st.stm32cube.ide.mcu.externaltools.gnu-tools-for-stm32.7-2018-q2-update.win32_1.4.0.202007081208/tools/bin/../lib/gcc/arm-none-eabi/7.3.1/../../../../arm-none-eabi/lib/thumb/v7e-m/fpv4-sp/hard\libc_nano.a(lib_a-snprintf.o) (_svfprintf_r)
c:/st/stm32cubeide_1.4.0/stm32cubeide/plugins/com.st.stm32cube.ide.mcu.externaltools.gnu-tools-for-stm32.7-2018-q2-update.win32_1.4.0.202007081208/tools/bin/../lib/gcc/arm-none-eabi/7.3.1/../../../../arm-none-eabi/lib/thumb/v7e-m/fpv4-sp/hard\libc_nano.a(lib_a-nano-vfprintf_i.o)
[...]
Memory Configuration

Name             Origin             Length             Attributes
CCMRAM           0x0000000010000000 0x0000000000010000 xrw
RAM              0x0000000020000000 0x0000000000020000 xrw
FLASH            0x0000000008000000 0x0000000000100000 xr
*default*        0x0000000000000000 0xffffffffffffffff

Linker script and memory map

LOAD c:/st/stm32cubeide_1.4.0/stm32cubeide/plugins/com.st.stm32cube.ide.mcu.externaltools.gnu-tools-for-stm32.7-2018-q2-update.win32_1.4.0.202007081208/tools/bin/../lib/gcc/arm-none-eabi/7.3.1/thumb/v7e-m/fpv4-sp/hard/crti.o
LOAD c:/st/stm32cubeide_1.4.0/stm32cubeide/plugins/com.st.stm32cube.ide.mcu.externaltools.gnu-tools-for-stm32.7-2018-q2-update.win32_1.4.0.202007081208/tools/bin/../lib/gcc/arm-none-eabi/7.3.1/thumb/v7e-m/fpv4-sp/hard/crtbegin.o
LOAD c:/st/stm32cubeide_1.4.0/stm32cubeide/plugins/com.st.stm32cube.ide.mcu.externaltools.gnu-tools-for-stm32.7-2018-q2-update.win32_1.4.0.202007081208/tools/bin/../lib/gcc/arm-none-eabi/7.3.1/../../../../arm-none-eabi/lib/thumb/v7e-m/fpv4-sp/hard/crt0.o
LOAD Core/Src/main.o
LOAD Core/Src/stm32f4xx_hal_msp.o
LOAD Core/Src/stm32f4xx_hal_timebase_tim.o
LOAD Core/Src/stm32f4xx_it.o
LOAD Core/Src/syscalls.o
LOAD Core/Src/system_stm32f4xx.o
LOAD Core/Startup/startup_stm32f407vgtx.o
LOAD Drivers/STM32F4xx_HAL_Driver/Src/stm32f4xx_hal.o
LOAD Drivers/STM32F4xx_HAL_Driver/Src/stm32f4xx_hal_cortex.o
LOAD Drivers/STM32F4xx_HAL_Driver/Src/stm32f4xx_hal_dma.o
LOAD Drivers/STM32F4xx_HAL_Driver/Src/stm32f4xx_hal_dma_ex.o
LOAD Drivers/STM32F4xx_HAL_Driver/Src/stm32f4xx_hal_exti.o
LOAD Drivers/STM32F4xx_HAL_Driver/Src/stm32f4xx_hal_flash.o
LOAD Drivers/STM32F4xx_HAL_Driver/Src/stm32f4xx_hal_flash_ex.o
LOAD Drivers/STM32F4xx_HAL_Driver/Src/stm32f4xx_hal_flash_ramfunc.o
LOAD Drivers/STM32F4xx_HAL_Driver/Src/stm32f4xx_hal_gpio.o
LOAD Drivers/STM32F4xx_HAL_Driver/Src/stm32f4xx_hal_pwr.o
LOAD Drivers/STM32F4xx_HAL_Driver/Src/stm32f4xx_hal_pwr_ex.o
LOAD Drivers/STM32F4xx_HAL_Driver/Src/stm32f4xx_hal_rcc.o
LOAD Drivers/STM32F4xx_HAL_Driver/Src/stm32f4xx_hal_rcc_ex.o
LOAD Drivers/STM32F4xx_HAL_Driver/Src/stm32f4xx_hal_tim.o
LOAD Drivers/STM32F4xx_HAL_Driver/Src/stm32f4xx_hal_tim_ex.o
LOAD ThirdParty/FreeRTOS/croutine.o
LOAD ThirdParty/FreeRTOS/event_groups.o
LOAD ThirdParty/FreeRTOS/list.o
LOAD ThirdParty/FreeRTOS/queue.o
LOAD ThirdParty/FreeRTOS/stream_buffer.o
LOAD ThirdParty/FreeRTOS/tasks.o
LOAD ThirdParty/FreeRTOS/timers.o
LOAD ThirdParty/FreeRTOS/portable/GCC/ARM_CM4F/port.o
LOAD ThirdParty/FreeRTOS/portable/MemMang/heap_4.o
LOAD ThirdParty/SEGGER/Config/SEGGER_SYSVIEW_Config_FreeRTOS.o
LOAD ThirdParty/SEGGER/OS/SEGGER_SYSVIEW_FreeRTOS.o
LOAD ThirdParty/SEGGER/Rec/segger_uart.o
LOAD ThirdParty/SEGGER/SEGGER/SEGGER_RTT.o
LOAD ThirdParty/SEGGER/SEGGER/SEGGER_RTT_ASM_ARMv7M.o
LOAD ThirdParty/SEGGER/SEGGER/SEGGER_RTT_printf.o
LOAD ThirdParty/SEGGER/SEGGER/SEGGER_SYSVIEW.o
LOAD ThirdParty/SEGGER/SEGGER/Syscalls/SEGGER_RTT_Syscalls_GCC.o
START GROUP
LOAD c:/st/stm32cubeide_1.4.0/stm32cubeide/plugins/com.st.stm32cube.ide.mcu.externaltools.gnu-tools-for-stm32.7-2018-q2-update.win32_1.4.0.202007081208/tools/bin/../lib/gcc/arm-none-eabi/7.3.1/../../../../arm-none-eabi/lib/thumb/v7e-m/fpv4-sp/hard\libc_nano.a
LOAD c:/st/stm32cubeide_1.4.0/stm32cubeide/plugins/com.st.stm32cube.ide.mcu.externaltools.gnu-tools-for-stm32.7-2018-q2-update.win32_1.4.0.202007081208/tools/bin/../lib/gcc/arm-none-eabi/7.3.1/../../../../arm-none-eabi/lib/thumb/v7e-m/fpv4-sp/hard\libm.a
END GROUP
START GROUP
LOAD c:/st/stm32cubeide_1.4.0/stm32cubeide/plugins/com.st.stm32cube.ide.mcu.externaltools.gnu-tools-for-stm32.7-2018-q2-update.win32_1.4.0.202007081208/tools/bin/../lib/gcc/arm-none-eabi/7.3.1/thumb/v7e-m/fpv4-sp/hard\libgcc.a
LOAD c:/st/stm32cubeide_1.4.0/stm32cubeide/plugins/com.st.stm32cube.ide.mcu.externaltools.gnu-tools-for-stm32.7-2018-q2-update.win32_1.4.0.202007081208/tools/bin/../lib/gcc/arm-none-eabi/7.3.1/../../../../arm-none-eabi/lib/thumb/v7e-m/fpv4-sp/hard\libc_nano.a
END GROUP
START GROUP
LOAD c:/st/stm32cubeide_1.4.0/stm32cubeide/plugins/com.st.stm32cube.ide.mcu.externaltools.gnu-tools-for-stm32.7-2018-q2-update.win32_1.4.0.202007081208/tools/bin/../lib/gcc/arm-none-eabi/7.3.1/thumb/v7e-m/fpv4-sp/hard\libgcc.a
LOAD c:/st/stm32cubeide_1.4.0/stm32cubeide/plugins/com.st.stm32cube.ide.mcu.externaltools.gnu-tools-for-stm32.7-2018-q2-update.win32_1.4.0.202007081208/tools/bin/../lib/gcc/arm-none-eabi/7.3.1/../../../../arm-none-eabi/lib/thumb/v7e-m/fpv4-sp/hard\libc_nano.a
LOAD c:/st/stm32cubeide_1.4.0/stm32cubeide/plugins/com.st.stm32cube.ide.mcu.externaltools.gnu-tools-for-stm32.7-2018-q2-update.win32_1.4.0.202007081208/tools/bin/../lib/gcc/arm-none-eabi/7.3.1/../../../../arm-none-eabi/lib/thumb/v7e-m/fpv4-sp/hard\libnosys.a
END GROUP
START GROUP
LOAD c:/st/stm32cubeide_1.4.0/stm32cubeide/plugins/com.st.stm32cube.ide.mcu.externaltools.gnu-tools-for-stm32.7-2018-q2-update.win32_1.4.0.202007081208/tools/bin/../lib/gcc/arm-none-eabi/7.3.1/thumb/v7e-m/fpv4-sp/hard\libgcc.a
LOAD c:/st/stm32cubeide_1.4.0/stm32cubeide/plugins/com.st.stm32cube.ide.mcu.externaltools.gnu-tools-for-stm32.7-2018-q2-update.win32_1.4.0.202007081208/tools/bin/../lib/gcc/arm-none-eabi/7.3.1/../../../../arm-none-eabi/lib/thumb/v7e-m/fpv4-sp/hard\libc_nano.a
LOAD c:/st/stm32cubeide_1.4.0/stm32cubeide/plugins/com.st.stm32cube.ide.mcu.externaltools.gnu-tools-for-stm32.7-2018-q2-update.win32_1.4.0.202007081208/tools/bin/../lib/gcc/arm-none-eabi/7.3.1/../../../../arm-none-eabi/lib/thumb/v7e-m/fpv4-sp/hard\libnosys.a
END GROUP
LOAD c:/st/stm32cubeide_1.4.0/stm32cubeide/plugins/com.st.stm32cube.ide.mcu.externaltools.gnu-tools-for-stm32.7-2018-q2-update.win32_1.4.0.202007081208/tools/bin/../lib/gcc/arm-none-eabi/7.3.1/thumb/v7e-m/fpv4-sp/hard/crtend.o
LOAD c:/st/stm32cubeide_1.4.0/stm32cubeide/plugins/com.st.stm32cube.ide.mcu.externaltools.gnu-tools-for-stm32.7-2018-q2-update.win32_1.4.0.202007081208/tools/bin/../lib/gcc/arm-none-eabi/7.3.1/thumb/v7e-m/fpv4-sp/hard/crtn.o
                0x0000000020020000                _estack = (ORIGIN (RAM) + LENGTH (RAM))
                0x0000000000000200                _Min_Heap_Size = 0x200
                0x0000000000000400                _Min_Stack_Size = 0x400

.isr_vector     0x0000000008000000      0x188
                0x0000000008000000                . = ALIGN (0x4)
 *(.isr_vector)
 .isr_vector    0x0000000008000000      0x188 Core/Startup/startup_stm32f407vgtx.o
                0x0000000008000000                g_pfnVectors
                0x0000000008000188                . = ALIGN (0x4)

.text           0x0000000008000190     0x5f40
                0x0000000008000190                . = ALIGN (0x4)
 *(.text)
 .text          0x0000000008000190       0x40 c:/st/stm32cubeide_1.4.0/stm32cubeide/plugins/com.st.stm32cube.ide.mcu.externaltools.gnu-tools-for-stm32.7-2018-q2-update.win32_1.4.0.202007081208/tools/bin/../lib/gcc/arm-none-eabi/7.3.1/thumb/v7e-m/fpv4-sp/hard/crtbegin.o
 .text          0x00000000080001d0       0x94 ThirdParty/SEGGER/SEGGER/SEGGER_RTT_ASM_ARMv7M.o
                0x00000000080001d0                SEGGER_RTT_ASM_WriteSkipNoLock
 *fill*         0x0000000008000264        0xc 
 .text          0x0000000008000270       0xa0 c:/st/stm32cubeide_1.4.0/stm32cubeide/plugins/com.st.stm32cube.ide.mcu.externaltools.gnu-tools-for-stm32.7-2018-q2-update.win32_1.4.0.202007081208/tools/bin/../lib/gcc/arm-none-eabi/7.3.1/../../../../arm-none-eabi/lib/thumb/v7e-m/fpv4-sp/hard\libc_nano.a(lib_a-memchr.o)
                0x0000000008000270                memchr
 .text          0x0000000008000310       0x30 c:/st/stm32cubeide_1.4.0/stm32cubeide/plugins/com.st.stm32cube.ide.mcu.externaltools.gnu-tools-for-stm32.7-2018-q2-update.win32_1.4.0.202007081208/tools/bin/../lib/gcc/arm-none-eabi/7.3.1/thumb/v7e-m/fpv4-sp/hard\libgcc.a(_aeabi_uldivmod.o)
                0x0000000008000310                __aeabi_uldivmod
 .text          0x0000000008000340      0x2cc c:/st/stm32cubeide_1.4.0/stm32cubeide/plugins/com.st.stm32cube.ide.mcu.externaltools.gnu-tools-for-stm32.7-2018-q2-update.win32_1.4.0.202007081208/tools/bin/../lib/gcc/arm-none-eabi/7.3.1/thumb/v7e-m/fpv4-sp/hard\libgcc.a(_udivmoddi4.o)
                0x0000000008000340                __udivmoddi4
 .text          0x000000000800060c        0x4 c:/st/stm32cubeide_1.4.0/stm32cubeide/plugins/com.st.stm32cube.ide.mcu.externaltools.gnu-tools-for-stm32.7-2018-q2-update.win32_1.4.0.202007081208/tools/bin/../lib/gcc/arm-none-eabi/7.3.1/thumb/v7e-m/fpv4-sp/hard\libgcc.a(_dvmd_tls.o)
                0x000000000800060c                __aeabi_idiv0
                0x000000000800060c                __aeabi_ldiv0
 *(.text*)
 .text.main     0x0000000008000610       0xb0 Core/Src/main.o
                0x0000000008000610                main
 .text.SystemClock_Config
                0x00000000080006c0       0xd4 Core/Src/main.o
                0x00000000080006c0                SystemClock_Config
 .text.MX_GPIO_Init
                0x0000000008000794      0x2c0 Core/Src/main.o
 .text.task1_handler
                0x0000000008000a54       0x3c Core/Src/main.o
 .text.task2_handler
                0x0000000008000a90       0x3c Core/Src/main.o
 .text.HAL_TIM_PeriodElapsedCallback
                0x0000000008000acc       0x24 Core/Src/main.o
                0x0000000008000acc                HAL_TIM_PeriodElapsedCallback
 .text.Error_Handler
                0x0000000008000af0        0xe Core/Src/main.o
                0x0000000008000af0                Error_Handler
 *fill*         0x0000000008000afe        0x2 
 .text.HAL_MspInit
                0x0000000008000b00       0x50 Core/Src/stm32f4xx_hal_msp.o
                0x0000000008000b00                HAL_MspInit
 .text.HAL_InitTick
                0x0000000008000b50       0xb4 Core/Src/stm32f4xx_hal_timebase_tim.o
                0x0000000008000b50                HAL_InitTick
 .text.NMI_Handler
                0x0000000008000c04        0xe Core/Src/stm32f4xx_it.o
                0x0000000008000c04                NMI_Handler
 .text.HardFault_Handler
                0x0000000008000c12        0x6 Core/Src/stm32f4xx_it.o
                0x0000000008000c12                HardFault_Handler
 .text.MemManage_Handler
                0x0000000008000c18        0x6 Core/Src/stm32f4xx_it.o
                0x0000000008000c18                MemManage_Handler
 .text.BusFault_Handler
                0x0000000008000c1e        0x6 Core/Src/stm32f4xx_it.o
                0x0000000008000c1e                BusFault_Handler
 .text.UsageFault_Handler
                0x0000000008000c24        0x6 Core/Src/stm32f4xx_it.o
                0x0000000008000c24                UsageFault_Handler
 .text.DebugMon_Handler
                0x0000000008000c2a        0xe Core/Src/stm32f4xx_it.o
                0x0000000008000c2a                DebugMon_Handler
 .text.TIM6_DAC_IRQHandler
                0x0000000008000c38       0x14 Core/Src/stm32f4xx_it.o
                0x0000000008000c38                TIM6_DAC_IRQHandler
 .text.SystemInit
                0x0000000008000c4c       0x2c Core/Src/system_stm32f4xx.o
                0x0000000008000c4c                SystemInit
 .text.Reset_Handler
                0x0000000008000c78       0x50 Core/Startup/startup_stm32f407vgtx.o
                0x0000000008000c78                Reset_Handler
 .text.Default_Handler
                0x0000000008000cc8        0x2 Core/Startup/startup_stm32f407vgtx.o
                0x0000000008000cc8                RTC_Alarm_IRQHandler
                0x0000000008000cc8                HASH_RNG_IRQHandler
                0x0000000008000cc8                EXTI2_IRQHandler
                0x0000000008000cc8                TIM8_CC_IRQHandler
                0x0000000008000cc8                TIM1_CC_IRQHandler
                0x0000000008000cc8                DMA2_Stream5_IRQHandler
                0x0000000008000cc8                DMA1_Stream5_IRQHandler
                0x0000000008000cc8                PVD_IRQHandler
                0x0000000008000cc8                SDIO_IRQHandler
                0x0000000008000cc8                TAMP_STAMP_IRQHandler
                0x0000000008000cc8                CAN2_RX1_IRQHandler
                0x0000000008000cc8                EXTI3_IRQHandler
                0x0000000008000cc8                TIM8_TRG_COM_TIM14_IRQHandler
                0x0000000008000cc8                TIM1_UP_TIM10_IRQHandler
                0x0000000008000cc8                TIM8_UP_TIM13_IRQHandler
                0x0000000008000cc8                I2C3_ER_IRQHandler
                0x0000000008000cc8                EXTI0_IRQHandler
                0x0000000008000cc8                I2C2_EV_IRQHandler
                0x0000000008000cc8                DMA1_Stream2_IRQHandler
                0x0000000008000cc8                CAN1_RX0_IRQHandler
                0x0000000008000cc8                FPU_IRQHandler
                0x0000000008000cc8                OTG_HS_WKUP_IRQHandler
                0x0000000008000cc8                CAN2_SCE_IRQHandler
                0x0000000008000cc8                DMA2_Stream2_IRQHandler
                0x0000000008000cc8                SPI1_IRQHandler
                0x0000000008000cc8                TIM1_BRK_TIM9_IRQHandler
                0x0000000008000cc8                DCMI_IRQHandler
                0x0000000008000cc8                CAN2_RX0_IRQHandler
                0x0000000008000cc8                DMA2_Stream3_IRQHandler
                0x0000000008000cc8                USART6_IRQHandler
                0x0000000008000cc8                USART3_IRQHandler
                0x0000000008000cc8                CAN1_RX1_IRQHandler
                0x0000000008000cc8                UART5_IRQHandler
                0x0000000008000cc8                DMA2_Stream0_IRQHandler
                0x0000000008000cc8                TIM4_IRQHandler
                0x0000000008000cc8                I2C1_EV_IRQHandler
                0x0000000008000cc8                DMA1_Stream6_IRQHandler
                0x0000000008000cc8                DMA1_Stream1_IRQHandler
                0x0000000008000cc8                UART4_IRQHandler
                0x0000000008000cc8                TIM3_IRQHandler
                0x0000000008000cc8                RCC_IRQHandler
                0x0000000008000cc8                TIM8_BRK_TIM12_IRQHandler
                0x0000000008000cc8                Default_Handler
                0x0000000008000cc8                EXTI15_10_IRQHandler
                0x0000000008000cc8                ADC_IRQHandler
                0x0000000008000cc8                DMA1_Stream7_IRQHandler
                0x0000000008000cc8                TIM7_IRQHandler
                0x0000000008000cc8                CAN2_TX_IRQHandler
                0x0000000008000cc8                TIM5_IRQHandler
                0x0000000008000cc8                DMA2_Stream7_IRQHandler
                0x0000000008000cc8                I2C3_EV_IRQHandler
                0x0000000008000cc8                EXTI9_5_IRQHandler
                0x0000000008000cc8                RTC_WKUP_IRQHandler
                0x0000000008000cc8                ETH_WKUP_IRQHandler
                0x0000000008000cc8                SPI2_IRQHandler
                0x0000000008000cc8                OTG_HS_EP1_IN_IRQHandler
                0x0000000008000cc8                DMA1_Stream0_IRQHandler
                0x0000000008000cc8                CAN1_TX_IRQHandler
                0x0000000008000cc8                EXTI4_IRQHandler
                0x0000000008000cc8                FSMC_IRQHandler
                0x0000000008000cc8                ETH_IRQHandler
                0x0000000008000cc8                OTG_HS_EP1_OUT_IRQHandler
                0x0000000008000cc8                WWDG_IRQHandler
                0x0000000008000cc8                TIM2_IRQHandler
                0x0000000008000cc8                OTG_FS_WKUP_IRQHandler
                0x0000000008000cc8                TIM1_TRG_COM_TIM11_IRQHandler
                0x0000000008000cc8                OTG_HS_IRQHandler
                0x0000000008000cc8                EXTI1_IRQHandler
                0x0000000008000cc8                I2C2_ER_IRQHandler
                0x0000000008000cc8                DMA2_Stream1_IRQHandler
                0x0000000008000cc8                CAN1_SCE_IRQHandler
                0x0000000008000cc8                FLASH_IRQHandler
                0x0000000008000cc8                DMA2_Stream4_IRQHandler
                0x0000000008000cc8                USART1_IRQHandler
                0x0000000008000cc8                OTG_FS_IRQHandler
                0x0000000008000cc8                SPI3_IRQHandler
                0x0000000008000cc8                DMA1_Stream4_IRQHandler
                0x0000000008000cc8                I2C1_ER_IRQHandler
                0x0000000008000cc8                DMA2_Stream6_IRQHandler
                0x0000000008000cc8                DMA1_Stream3_IRQHandler
 *fill*         0x0000000008000cca        0x2 
 .text.HAL_Init
                0x0000000008000ccc       0x44 Drivers/STM32F4xx_HAL_Driver/Src/stm32f4xx_hal.o
                0x0000000008000ccc                HAL_Init
 .text.HAL_IncTick
                0x0000000008000d10       0x28 Drivers/STM32F4xx_HAL_Driver/Src/stm32f4xx_hal.o
                0x0000000008000d10                HAL_IncTick
 .text.HAL_GetTick
                0x0000000008000d38       0x18 Drivers/STM32F4xx_HAL_Driver/Src/stm32f4xx_hal.o
                0x0000000008000d38                HAL_GetTick
 .text.__NVIC_SetPriorityGrouping
                0x0000000008000d50       0x48 Drivers/STM32F4xx_HAL_Driver/Src/stm32f4xx_hal_cortex.o
 .text.__NVIC_GetPriorityGrouping
                0x0000000008000d98       0x1c Drivers/STM32F4xx_HAL_Driver/Src/stm32f4xx_hal_cortex.o
 .text.__NVIC_EnableIRQ
                0x0000000008000db4       0x3c Drivers/STM32F4xx_HAL_Driver/Src/stm32f4xx_hal_cortex.o
 .text.__NVIC_SetPriority
                0x0000000008000df0       0x54 Drivers/STM32F4xx_HAL_Driver/Src/stm32f4xx_hal_cortex.o
 .text.NVIC_EncodePriority
                0x0000000008000e44       0x66 Drivers/STM32F4xx_HAL_Driver/Src/stm32f4xx_hal_cortex.o
 .text.HAL_NVIC_SetPriorityGrouping
                0x0000000008000eaa       0x16 Drivers/STM32F4xx_HAL_Driver/Src/stm32f4xx_hal_cortex.o
                0x0000000008000eaa                HAL_NVIC_SetPriorityGrouping
 .text.HAL_NVIC_SetPriority
                0x0000000008000ec0       0x38 Drivers/STM32F4xx_HAL_Driver/Src/stm32f4xx_hal_cortex.o
                0x0000000008000ec0                HAL_NVIC_SetPriority
 .text.HAL_NVIC_EnableIRQ
                0x0000000008000ef8       0x1c Drivers/STM32F4xx_HAL_Driver/Src/stm32f4xx_hal_cortex.o
                0x0000000008000ef8                HAL_NVIC_EnableIRQ
 .text.HAL_GPIO_Init
                0x0000000008000f14      0x334 Drivers/STM32F4xx_HAL_Driver/Src/stm32f4xx_hal_gpio.o
                0x0000000008000f14                HAL_GPIO_Init
 .text.HAL_GPIO_WritePin
                0x0000000008001248       0x32 Drivers/STM32F4xx_HAL_Driver/Src/stm32f4xx_hal_gpio.o
                0x0000000008001248                HAL_GPIO_WritePin
 *fill*         0x000000000800127a        0x2 
 .text.HAL_RCC_OscConfig
                0x000000000800127c      0x4e0 Drivers/STM32F4xx_HAL_Driver/Src/stm32f4xx_hal_rcc.o
                0x000000000800127c                HAL_RCC_OscConfig
 .text.HAL_RCC_ClockConfig
                0x000000000800175c      0x1cc Drivers/STM32F4xx_HAL_Driver/Src/stm32f4xx_hal_rcc.o
                0x000000000800175c                HAL_RCC_ClockConfig
 .text.HAL_RCC_GetSysClockFreq
                0x0000000008001928      0x1b0 Drivers/STM32F4xx_HAL_Driver/Src/stm32f4xx_hal_rcc.o
                0x0000000008001928                HAL_RCC_GetSysClockFreq
 .text.HAL_RCC_GetHCLKFreq
                0x0000000008001ad8       0x18 Drivers/STM32F4xx_HAL_Driver/Src/stm32f4xx_hal_rcc.o
                0x0000000008001ad8                HAL_RCC_GetHCLKFreq
 .text.HAL_RCC_GetPCLK1Freq
                0x0000000008001af0       0x28 Drivers/STM32F4xx_HAL_Driver/Src/stm32f4xx_hal_rcc.o
                0x0000000008001af0                HAL_RCC_GetPCLK1Freq
 .text.HAL_RCC_GetClockConfig
                0x0000000008001b18       0x64 Drivers/STM32F4xx_HAL_Driver/Src/stm32f4xx_hal_rcc.o
                0x0000000008001b18                HAL_RCC_GetClockConfig
 .text.HAL_TIM_Base_Init
                0x0000000008001b7c       0x56 Drivers/STM32F4xx_HAL_Driver/Src/stm32f4xx_hal_tim.o
                0x0000000008001b7c                HAL_TIM_Base_Init
 .text.HAL_TIM_Base_MspInit
                0x0000000008001bd2       0x14 Drivers/STM32F4xx_HAL_Driver/Src/stm32f4xx_hal_tim.o
                0x0000000008001bd2                HAL_TIM_Base_MspInit
 .text.HAL_TIM_Base_Start_IT
                0x0000000008001be6       0x48 Drivers/STM32F4xx_HAL_Driver/Src/stm32f4xx_hal_tim.o
                0x0000000008001be6                HAL_TIM_Base_Start_IT
 .text.HAL_TIM_IRQHandler
                0x0000000008001c2e      0x210 Drivers/STM32F4xx_HAL_Driver/Src/stm32f4xx_hal_tim.o
                0x0000000008001c2e                HAL_TIM_IRQHandler
 .text.HAL_TIM_OC_DelayElapsedCallback
                0x0000000008001e3e       0x14 Drivers/STM32F4xx_HAL_Driver/Src/stm32f4xx_hal_tim.o
                0x0000000008001e3e                HAL_TIM_OC_DelayElapsedCallback
 .text.HAL_TIM_IC_CaptureCallback
                0x0000000008001e52       0x14 Drivers/STM32F4xx_HAL_Driver/Src/stm32f4xx_hal_tim.o
                0x0000000008001e52                HAL_TIM_IC_CaptureCallback
 .text.HAL_TIM_PWM_PulseFinishedCallback
                0x0000000008001e66       0x14 Drivers/STM32F4xx_HAL_Driver/Src/stm32f4xx_hal_tim.o
                0x0000000008001e66                HAL_TIM_PWM_PulseFinishedCallback
 .text.HAL_TIM_TriggerCallback
                0x0000000008001e7a       0x14 Drivers/STM32F4xx_HAL_Driver/Src/stm32f4xx_hal_tim.o
                0x0000000008001e7a                HAL_TIM_TriggerCallback
 *fill*         0x0000000008001e8e        0x2 
 .text.TIM_Base_SetConfig
                0x0000000008001e90      0x140 Drivers/STM32F4xx_HAL_Driver/Src/stm32f4xx_hal_tim.o
                0x0000000008001e90                TIM_Base_SetConfig
 .text.HAL_TIMEx_CommutCallback
                0x0000000008001fd0       0x14 Drivers/STM32F4xx_HAL_Driver/Src/stm32f4xx_hal_tim_ex.o
                0x0000000008001fd0                HAL_TIMEx_CommutCallback
 .text.HAL_TIMEx_BreakCallback
                0x0000000008001fe4       0x14 Drivers/STM32F4xx_HAL_Driver/Src/stm32f4xx_hal_tim_ex.o
                0x0000000008001fe4                HAL_TIMEx_BreakCallback
 .text.vListInitialise
                0x0000000008001ff8       0x40 ThirdParty/FreeRTOS/list.o
                0x0000000008001ff8                vListInitialise
 .text.vListInitialiseItem
                0x0000000008002038       0x1a ThirdParty/FreeRTOS/list.o
                0x0000000008002038                vListInitialiseItem
 .text.vListInsertEnd
                0x0000000008002052       0x48 ThirdParty/FreeRTOS/list.o
                0x0000000008002052                vListInsertEnd
 .text.uxListRemove
                0x000000000800209a       0x54 ThirdParty/FreeRTOS/list.o
                0x000000000800209a                uxListRemove
 .text.xTaskCreate
                0x00000000080020ee       0x82 ThirdParty/FreeRTOS/tasks.o
                0x00000000080020ee                xTaskCreate
 .text.prvInitialiseNewTask
                0x0000000008002170      0x12a ThirdParty/FreeRTOS/tasks.o
 *fill*         0x000000000800229a        0x2 
 .text.prvAddNewTaskToReadyList
                0x000000000800229c      0x118 ThirdParty/FreeRTOS/tasks.o
 .text.vTaskStartScheduler
                0x00000000080023b4       0xb4 ThirdParty/FreeRTOS/tasks.o
                0x00000000080023b4                vTaskStartScheduler
 .text.vTaskSuspendAll
                0x0000000008002468       0x1c ThirdParty/FreeRTOS/tasks.o
                0x0000000008002468                vTaskSuspendAll
 .text.xTaskResumeAll
                0x0000000008002484      0x140 ThirdParty/FreeRTOS/tasks.o
                0x0000000008002484                xTaskResumeAll
 .text.xTaskGetTickCountFromISR
                0x00000000080025c4       0x24 ThirdParty/FreeRTOS/tasks.o
                0x00000000080025c4                xTaskGetTickCountFromISR
 .text.xTaskIncrementTick
                0x00000000080025e8      0x178 ThirdParty/FreeRTOS/tasks.o
                0x00000000080025e8                xTaskIncrementTick
 .text.vTaskSwitchContext
                0x0000000008002760       0xd0 ThirdParty/FreeRTOS/tasks.o
                0x0000000008002760                vTaskSwitchContext
 .text.prvIdleTask
                0x0000000008002830       0x30 ThirdParty/FreeRTOS/tasks.o
 .text.prvInitialiseTaskLists
                0x0000000008002860       0x80 ThirdParty/FreeRTOS/tasks.o
 .text.prvCheckTasksWaitingTermination
                0x00000000080028e0       0x58 ThirdParty/FreeRTOS/tasks.o
 .text.prvDeleteTCB
                0x0000000008002938       0x20 ThirdParty/FreeRTOS/tasks.o
 .text.prvResetNextTaskUnblockTime
                0x0000000008002958       0x38 ThirdParty/FreeRTOS/tasks.o
 .text.pxPortInitialiseStack
                0x0000000008002990       0x68 ThirdParty/FreeRTOS/portable/GCC/ARM_CM4F/port.o
                0x0000000008002990                pxPortInitialiseStack
 .text.prvTaskExitError
                0x00000000080029f8       0x54 ThirdParty/FreeRTOS/portable/GCC/ARM_CM4F/port.o
 *fill*         0x0000000008002a4c        0x4 
 .text.SVC_Handler
                0x0000000008002a50       0x28 ThirdParty/FreeRTOS/portable/GCC/ARM_CM4F/port.o
                0x0000000008002a50                SVC_Handler
 .text.prvPortStartFirstTask
                0x0000000008002a78       0x2c ThirdParty/FreeRTOS/portable/GCC/ARM_CM4F/port.o
 .text.xPortStartScheduler
                0x0000000008002aa4      0x13c ThirdParty/FreeRTOS/portable/GCC/ARM_CM4F/port.o
                0x0000000008002aa4                xPortStartScheduler
 .text.vInitPrioGroupValue
                0x0000000008002be0       0xf4 ThirdParty/FreeRTOS/portable/GCC/ARM_CM4F/port.o
                0x0000000008002be0                vInitPrioGroupValue
 .text.vPortEnterCritical
                0x0000000008002cd4       0x5c ThirdParty/FreeRTOS/portable/GCC/ARM_CM4F/port.o
                0x0000000008002cd4                vPortEnterCritical
 .text.vPortExitCritical
                0x0000000008002d30       0x50 ThirdParty/FreeRTOS/portable/GCC/ARM_CM4F/port.o
                0x0000000008002d30                vPortExitCritical
 .text.PendSV_Handler
                0x0000000008002d80       0x68 ThirdParty/FreeRTOS/portable/GCC/ARM_CM4F/port.o
                0x0000000008002d80                PendSV_Handler
 .text.SysTick_Handler
                0x0000000008002de8       0x50 ThirdParty/FreeRTOS/portable/GCC/ARM_CM4F/port.o
                0x0000000008002de8                SysTick_Handler
 .text.vPortSetupTimerInterrupt
                0x0000000008002e38       0x48 ThirdParty/FreeRTOS/portable/GCC/ARM_CM4F/port.o
                0x0000000008002e38                vPortSetupTimerInterrupt
 .text.vPortEnableVFP
                0x0000000008002e80       0x18 ThirdParty/FreeRTOS/portable/GCC/ARM_CM4F/port.o
 .text.vPortValidateInterruptPriority
                0x0000000008002e98       0x7c ThirdParty/FreeRTOS/portable/GCC/ARM_CM4F/port.o
                0x0000000008002e98                vPortValidateInterruptPriority
 .text.pvPortMalloc
                0x0000000008002f14      0x1b8 ThirdParty/FreeRTOS/portable/MemMang/heap_4.o
                0x0000000008002f14                pvPortMalloc
 .text.vPortFree
                0x00000000080030cc       0xc0 ThirdParty/FreeRTOS/portable/MemMang/heap_4.o
                0x00000000080030cc                vPortFree
 .text.prvHeapInit
                0x000000000800318c       0xc4 ThirdParty/FreeRTOS/portable/MemMang/heap_4.o
 .text.prvInsertBlockIntoFreeList
                0x0000000008003250       0xb4 ThirdParty/FreeRTOS/portable/MemMang/heap_4.o
 .text._cbSendSystemDesc
                0x0000000008003304       0x1c ThirdParty/SEGGER/Config/SEGGER_SYSVIEW_Config_FreeRTOS.o
 .text.SEGGER_SYSVIEW_Conf
                0x0000000008003320       0x2c ThirdParty/SEGGER/Config/SEGGER_SYSVIEW_Config_FreeRTOS.o
                0x0000000008003320                SEGGER_SYSVIEW_Conf
 .text._cbSendTaskList
                0x000000000800334c       0x90 ThirdParty/SEGGER/OS/SEGGER_SYSVIEW_FreeRTOS.o
 .text._cbGetTime
                0x00000000080033dc       0x76 ThirdParty/SEGGER/OS/SEGGER_SYSVIEW_FreeRTOS.o
 *fill*         0x0000000008003452        0x2 
 .text.SYSVIEW_AddTask
                0x0000000008003454       0xd0 ThirdParty/SEGGER/OS/SEGGER_SYSVIEW_FreeRTOS.o
                0x0000000008003454                SYSVIEW_AddTask
 .text.SYSVIEW_SendTaskInfo
                0x0000000008003524       0x42 ThirdParty/SEGGER/OS/SEGGER_SYSVIEW_FreeRTOS.o
                0x0000000008003524                SYSVIEW_SendTaskInfo
 *fill*         0x0000000008003566        0x2 
 .text.__NVIC_EnableIRQ
                0x0000000008003568       0x3c ThirdParty/SEGGER/Rec/segger_uart.o
 .text.__NVIC_SetPriority
                0x00000000080035a4       0x54 ThirdParty/SEGGER/Rec/segger_uart.o
 .text._StartSysView
                0x00000000080035f8       0x1e ThirdParty/SEGGER/Rec/segger_uart.o
 *fill*         0x0000000008003616        0x2 
 .text._cbOnUARTRx
                0x0000000008003618       0x40 ThirdParty/SEGGER/Rec/segger_uart.o
 .text._cbOnUARTTx
                0x0000000008003658       0x64 ThirdParty/SEGGER/Rec/segger_uart.o
 .text.SEGGER_UART_init
                0x00000000080036bc       0x24 ThirdParty/SEGGER/Rec/segger_uart.o
                0x00000000080036bc                SEGGER_UART_init
 .text.USART2_IRQHandler
                0x00000000080036e0       0x94 ThirdParty/SEGGER/Rec/segger_uart.o
                0x00000000080036e0                USART2_IRQHandler
 .text.HIF_UART_EnableTXEInterrupt
                0x0000000008003774       0x20 ThirdParty/SEGGER/Rec/segger_uart.o
                0x0000000008003774                HIF_UART_EnableTXEInterrupt
 .text.HIF_UART_Init
                0x0000000008003794       0xf4 ThirdParty/SEGGER/Rec/segger_uart.o
                0x0000000008003794                HIF_UART_Init
 .text._DoInit  0x0000000008003888       0xb0 ThirdParty/SEGGER/SEGGER/SEGGER_RTT.o
 .text._WriteBlocking
                0x0000000008003938       0xba ThirdParty/SEGGER/SEGGER/SEGGER_RTT.o
 .text._WriteNoCheck
                0x00000000080039f2       0x90 ThirdParty/SEGGER/SEGGER/SEGGER_RTT.o
 .text._GetAvailWriteSpace
                0x0000000008003a82       0x46 ThirdParty/SEGGER/SEGGER/SEGGER_RTT.o
 .text.SEGGER_RTT_ReadUpBufferNoLock
                0x0000000008003ac8      0x10c ThirdParty/SEGGER/SEGGER/SEGGER_RTT.o
                0x0000000008003ac8                SEGGER_RTT_ReadUpBufferNoLock
 .text.SEGGER_RTT_ReadNoLock
                0x0000000008003bd4      0x10c ThirdParty/SEGGER/SEGGER/SEGGER_RTT.o
                0x0000000008003bd4                SEGGER_RTT_ReadNoLock
 .text.SEGGER_RTT_WriteDownBufferNoLock
                0x0000000008003ce0       0x9c ThirdParty/SEGGER/SEGGER/SEGGER_RTT.o
                0x0000000008003ce0                SEGGER_RTT_WriteDownBufferNoLock
 .text.SEGGER_RTT_WriteDownBuffer
                0x0000000008003d7c       0x4c ThirdParty/SEGGER/SEGGER/SEGGER_RTT.o
                0x0000000008003d7c                SEGGER_RTT_WriteDownBuffer
 .text.SEGGER_RTT_AllocUpBuffer
                0x0000000008003dc8      0x108 ThirdParty/SEGGER/SEGGER/SEGGER_RTT.o
                0x0000000008003dc8                SEGGER_RTT_AllocUpBuffer
 .text.SEGGER_RTT_ConfigDownBuffer
                0x0000000008003ed0       0xe0 ThirdParty/SEGGER/SEGGER/SEGGER_RTT.o
                0x0000000008003ed0                SEGGER_RTT_ConfigDownBuffer
 .text._EncodeStr
                0x0000000008003fb0       0x9a ThirdParty/SEGGER/SEGGER/SEGGER_SYSVIEW.o
 .text._PreparePacket
                0x000000000800404a       0x18 ThirdParty/SEGGER/SEGGER/SEGGER_SYSVIEW.o
 *fill*         0x0000000008004062        0x2 
 .text._HandleIncomingPacket
                0x0000000008004064       0xd8 ThirdParty/SEGGER/SEGGER/SEGGER_SYSVIEW.o
 .text._TrySendOverflowPacket
                0x000000000800413c       0xe8 ThirdParty/SEGGER/SEGGER/SEGGER_SYSVIEW.o
 .text._SendPacket
                0x0000000008004224      0x1d0 ThirdParty/SEGGER/SEGGER/SEGGER_SYSVIEW.o
 .text._StoreChar
                0x00000000080043f4       0xf6 ThirdParty/SEGGER/SEGGER/SEGGER_SYSVIEW.o
 *fill*         0x00000000080044ea        0x2 
 .text._PrintUnsigned
                0x00000000080044ec      0x12c ThirdParty/SEGGER/SEGGER/SEGGER_SYSVIEW.o
 .text._PrintInt
                0x0000000008004618      0x11e ThirdParty/SEGGER/SEGGER/SEGGER_SYSVIEW.o
 *fill*         0x0000000008004736        0x2 
 .text._VPrintTarget
                0x0000000008004738      0x36c ThirdParty/SEGGER/SEGGER/SEGGER_SYSVIEW.o
 .text.SEGGER_SYSVIEW_Init
                0x0000000008004aa4       0x88 ThirdParty/SEGGER/SEGGER/SEGGER_SYSVIEW.o
                0x0000000008004aa4                SEGGER_SYSVIEW_Init
 .text.SEGGER_SYSVIEW_SetRAMBase
                0x0000000008004b2c       0x20 ThirdParty/SEGGER/SEGGER/SEGGER_SYSVIEW.o
                0x0000000008004b2c                SEGGER_SYSVIEW_SetRAMBase
 .text.SEGGER_SYSVIEW_RecordVoid
                0x0000000008004b4c       0x3c ThirdParty/SEGGER/SEGGER/SEGGER_SYSVIEW.o
                0x0000000008004b4c                SEGGER_SYSVIEW_RecordVoid
 .text.SEGGER_SYSVIEW_RecordU32
                0x0000000008004b88       0x78 ThirdParty/SEGGER/SEGGER/SEGGER_SYSVIEW.o
                0x0000000008004b88                SEGGER_SYSVIEW_RecordU32
 .text.SEGGER_SYSVIEW_RecordU32x2
                0x0000000008004c00       0xb4 ThirdParty/SEGGER/SEGGER/SEGGER_SYSVIEW.o
                0x0000000008004c00                SEGGER_SYSVIEW_RecordU32x2
 .text.SEGGER_SYSVIEW_Start
                0x0000000008004cb4      0x178 ThirdParty/SEGGER/SEGGER/SEGGER_SYSVIEW.o
                0x0000000008004cb4                SEGGER_SYSVIEW_Start
 .text.SEGGER_SYSVIEW_Stop
                0x0000000008004e2c       0x4c ThirdParty/SEGGER/SEGGER/SEGGER_SYSVIEW.o
                0x0000000008004e2c                SEGGER_SYSVIEW_Stop
 .text.SEGGER_SYSVIEW_GetSysDesc
                0x0000000008004e78      0x134 ThirdParty/SEGGER/SEGGER/SEGGER_SYSVIEW.o
                0x0000000008004e78                SEGGER_SYSVIEW_GetSysDesc
 .text.SEGGER_SYSVIEW_SendTaskInfo
                0x0000000008004fac      0x1c8 ThirdParty/SEGGER/SEGGER/SEGGER_SYSVIEW.o
                0x0000000008004fac                SEGGER_SYSVIEW_SendTaskInfo
 .text.SEGGER_SYSVIEW_SendTaskList
                0x0000000008005174       0x28 ThirdParty/SEGGER/SEGGER/SEGGER_SYSVIEW.o
                0x0000000008005174                SEGGER_SYSVIEW_SendTaskList
 .text.SEGGER_SYSVIEW_SendSysDesc
                0x000000000800519c       0x48 ThirdParty/SEGGER/SEGGER/SEGGER_SYSVIEW.o
                0x000000000800519c                SEGGER_SYSVIEW_SendSysDesc
 .text.SEGGER_SYSVIEW_RecordSystime
                0x00000000080051e4       0x60 ThirdParty/SEGGER/SEGGER/SEGGER_SYSVIEW.o
                0x00000000080051e4                SEGGER_SYSVIEW_RecordSystime
 .text.SEGGER_SYSVIEW_RecordEnterISR
                0x0000000008005244       0x84 ThirdParty/SEGGER/SEGGER/SEGGER_SYSVIEW.o
                0x0000000008005244                SEGGER_SYSVIEW_RecordEnterISR
 .text.SEGGER_SYSVIEW_RecordExitISR
                0x00000000080052c8       0x38 ThirdParty/SEGGER/SEGGER/SEGGER_SYSVIEW.o
                0x00000000080052c8                SEGGER_SYSVIEW_RecordExitISR
 .text.SEGGER_SYSVIEW_RecordExitISRToScheduler
                0x0000000008005300       0x38 ThirdParty/SEGGER/SEGGER/SEGGER_SYSVIEW.o
                0x0000000008005300                SEGGER_SYSVIEW_RecordExitISRToScheduler
 .text.SEGGER_SYSVIEW_OnIdle
                0x0000000008005338       0x38 ThirdParty/SEGGER/SEGGER/SEGGER_SYSVIEW.o
                0x0000000008005338                SEGGER_SYSVIEW_OnIdle
 .text.SEGGER_SYSVIEW_OnTaskCreate
                0x0000000008005370       0x84 ThirdParty/SEGGER/SEGGER/SEGGER_SYSVIEW.o
                0x0000000008005370                SEGGER_SYSVIEW_OnTaskCreate
 .text.SEGGER_SYSVIEW_OnTaskStartExec
                0x00000000080053f4       0x84 ThirdParty/SEGGER/SEGGER/SEGGER_SYSVIEW.o
                0x00000000080053f4                SEGGER_SYSVIEW_OnTaskStartExec
 .text.SEGGER_SYSVIEW_OnTaskStartReady
                0x0000000008005478       0x84 ThirdParty/SEGGER/SEGGER/SEGGER_SYSVIEW.o
                0x0000000008005478                SEGGER_SYSVIEW_OnTaskStartReady
 .text.SEGGER_SYSVIEW_SendModule
                0x00000000080054fc      0x100 ThirdParty/SEGGER/SEGGER/SEGGER_SYSVIEW.o
                0x00000000080054fc                SEGGER_SYSVIEW_SendModule
 .text.SEGGER_SYSVIEW_SendModuleDescription
                0x00000000080055fc       0x3c ThirdParty/SEGGER/SEGGER/SEGGER_SYSVIEW.o
                0x00000000080055fc                SEGGER_SYSVIEW_SendModuleDescription
 .text.SEGGER_SYSVIEW_SendNumModules
                0x0000000008005638       0x7c ThirdParty/SEGGER/SEGGER/SEGGER_SYSVIEW.o
                0x0000000008005638                SEGGER_SYSVIEW_SendNumModules
 .text.SEGGER_SYSVIEW_PrintfTarget
                0x00000000080056b4       0x28 ThirdParty/SEGGER/SEGGER/SEGGER_SYSVIEW.o
                0x00000000080056b4                SEGGER_SYSVIEW_PrintfTarget
 .text.SEGGER_SYSVIEW_Warn
                0x00000000080056dc       0xb8 ThirdParty/SEGGER/SEGGER/SEGGER_SYSVIEW.o
                0x00000000080056dc                SEGGER_SYSVIEW_Warn
 .text.SEGGER_SYSVIEW_IsStarted
                0x0000000008005794       0x5c ThirdParty/SEGGER/SEGGER/SEGGER_SYSVIEW.o
                0x0000000008005794                SEGGER_SYSVIEW_IsStarted
 .text.__libc_init_array
                0x00000000080057f0       0x48 c:/st/stm32cubeide_1.4.0/stm32cubeide/plugins/com.st.stm32cube.ide.mcu.externaltools.gnu-tools-for-stm32.7-2018-q2-update.win32_1.4.0.202007081208/tools/bin/../lib/gcc/arm-none-eabi/7.3.1/../../../../arm-none-eabi/lib/thumb/v7e-m/fpv4-sp/hard\libc_nano.a(lib_a-init.o)
                0x00000000080057f0                __libc_init_array
 .text.memcmp   0x0000000008005838       0x1e c:/st/stm32cubeide_1.4.0/stm32cubeide/plugins/com.st.stm32cube.ide.mcu.externaltools.gnu-tools-for-stm32.7-2018-q2-update.win32_1.4.0.202007081208/tools/bin/../lib/gcc/arm-none-eabi/7.3.1/../../../../arm-none-eabi/lib/thumb/v7e-m/fpv4-sp/hard\libc_nano.a(lib_a-memcmp.o)
                0x0000000008005838                memcmp
 .text.memcpy   0x0000000008005856       0x16 c:/st/stm32cubeide_1.4.0/stm32cubeide/plugins/com.st.stm32cube.ide.mcu.externaltools.gnu-tools-for-stm32.7-2018-q2-update.win32_1.4.0.202007081208/tools/bin/../lib/gcc/arm-none-eabi/7.3.1/../../../../arm-none-eabi/lib/thumb/v7e-m/fpv4-sp/hard\libc_nano.a(lib_a-memcpy-stub.o)
                0x0000000008005856                memcpy
 .text.memset   0x000000000800586c       0x10 c:/st/stm32cubeide_1.4.0/stm32cubeide/plugins/com.st.stm32cube.ide.mcu.externaltools.gnu-tools-for-stm32.7-2018-q2-update.win32_1.4.0.202007081208/tools/bin/../lib/gcc/arm-none-eabi/7.3.1/../../../../arm-none-eabi/lib/thumb/v7e-m/fpv4-sp/hard\libc_nano.a(lib_a-memset.o)
                0x000000000800586c                memset
 .text.snprintf
                0x000000000800587c       0x68 c:/st/stm32cubeide_1.4.0/stm32cubeide/plugins/com.st.stm32cube.ide.mcu.externaltools.gnu-tools-for-stm32.7-2018-q2-update.win32_1.4.0.202007081208/tools/bin/../lib/gcc/arm-none-eabi/7.3.1/../../../../arm-none-eabi/lib/thumb/v7e-m/fpv4-sp/hard\libc_nano.a(lib_a-snprintf.o)
                0x000000000800587c                sniprintf
                0x000000000800587c                snprintf
 .text.__ssputs_r
                0x00000000080058e4       0xb4 c:/st/stm32cubeide_1.4.0/stm32cubeide/plugins/com.st.stm32cube.ide.mcu.externaltools.gnu-tools-for-stm32.7-2018-q2-update.win32_1.4.0.202007081208/tools/bin/../lib/gcc/arm-none-eabi/7.3.1/../../../../arm-none-eabi/lib/thumb/v7e-m/fpv4-sp/hard\libc_nano.a(lib_a-nano-svfprintf.o)
                0x00000000080058e4                __ssputs_r
 .text._svfprintf_r
                0x0000000008005998      0x1f0 c:/st/stm32cubeide_1.4.0/stm32cubeide/plugins/com.st.stm32cube.ide.mcu.externaltools.gnu-tools-for-stm32.7-2018-q2-update.win32_1.4.0.202007081208/tools/bin/../lib/gcc/arm-none-eabi/7.3.1/../../../../arm-none-eabi/lib/thumb/v7e-m/fpv4-sp/hard\libc_nano.a(lib_a-nano-svfprintf.o)
                0x0000000008005998                _svfiprintf_r
                0x0000000008005998                _svfprintf_r
 .text._printf_common
                0x0000000008005b88       0xea c:/st/stm32cubeide_1.4.0/stm32cubeide/plugins/com.st.stm32cube.ide.mcu.externaltools.gnu-tools-for-stm32.7-2018-q2-update.win32_1.4.0.202007081208/tools/bin/../lib/gcc/arm-none-eabi/7.3.1/../../../../arm-none-eabi/lib/thumb/v7e-m/fpv4-sp/hard\libc_nano.a(lib_a-nano-vfprintf_i.o)
                0x0000000008005b88                _printf_common
 *fill*         0x0000000008005c72        0x2 
 .text._printf_i
                0x0000000008005c74      0x224 c:/st/stm32cubeide_1.4.0/stm32cubeide/plugins/com.st.stm32cube.ide.mcu.externaltools.gnu-tools-for-stm32.7-2018-q2-update.win32_1.4.0.202007081208/tools/bin/../lib/gcc/arm-none-eabi/7.3.1/../../../../arm-none-eabi/lib/thumb/v7e-m/fpv4-sp/hard\libc_nano.a(lib_a-nano-vfprintf_i.o)
                0x0000000008005c74                _printf_i
 .text.memmove  0x0000000008005e98       0x32 c:/st/stm32cubeide_1.4.0/stm32cubeide/plugins/com.st.stm32cube.ide.mcu.externaltools.gnu-tools-for-stm32.7-2018-q2-update.win32_1.4.0.202007081208/tools/bin/../lib/gcc/arm-none-eabi/7.3.1/../../../../arm-none-eabi/lib/thumb/v7e-m/fpv4-sp/hard\libc_nano.a(lib_a-memmove.o)
                0x0000000008005e98                memmove
 *fill*         0x0000000008005eca        0x2 
 .text._free_r  0x0000000008005ecc       0x9c c:/st/stm32cubeide_1.4.0/stm32cubeide/plugins/com.st.stm32cube.ide.mcu.externaltools.gnu-tools-for-stm32.7-2018-q2-update.win32_1.4.0.202007081208/tools/bin/../lib/gcc/arm-none-eabi/7.3.1/../../../../arm-none-eabi/lib/thumb/v7e-m/fpv4-sp/hard\libc_nano.a(lib_a-nano-freer.o)
                0x0000000008005ecc                _free_r
 .text._malloc_r
                0x0000000008005f68       0xb4 c:/st/stm32cubeide_1.4.0/stm32cubeide/plugins/com.st.stm32cube.ide.mcu.externaltools.gnu-tools-for-stm32.7-2018-q2-update.win32_1.4.0.202007081208/tools/bin/../lib/gcc/arm-none-eabi/7.3.1/../../../../arm-none-eabi/lib/thumb/v7e-m/fpv4-sp/hard\libc_nano.a(lib_a-nano-mallocr.o)
                0x0000000008005f68                _malloc_r
 .text._realloc_r
                0x000000000800601c       0x4c c:/st/stm32cubeide_1.4.0/stm32cubeide/plugins/com.st.stm32cube.ide.mcu.externaltools.gnu-tools-for-stm32.7-2018-q2-update.win32_1.4.0.202007081208/tools/bin/../lib/gcc/arm-none-eabi/7.3.1/../../../../arm-none-eabi/lib/thumb/v7e-m/fpv4-sp/hard\libc_nano.a(lib_a-nano-reallocr.o)
                0x000000000800601c                _realloc_r
 .text._sbrk_r  0x0000000008006068       0x20 c:/st/stm32cubeide_1.4.0/stm32cubeide/plugins/com.st.stm32cube.ide.mcu.externaltools.gnu-tools-for-stm32.7-2018-q2-update.win32_1.4.0.202007081208/tools/bin/../lib/gcc/arm-none-eabi/7.3.1/../../../../arm-none-eabi/lib/thumb/v7e-m/fpv4-sp/hard\libc_nano.a(lib_a-sbrkr.o)
                0x0000000008006068                _sbrk_r
 .text.__malloc_lock
                0x0000000008006088        0x2 c:/st/stm32cubeide_1.4.0/stm32cubeide/plugins/com.st.stm32cube.ide.mcu.externaltools.gnu-tools-for-stm32.7-2018-q2-update.win32_1.4.0.202007081208/tools/bin/../lib/gcc/arm-none-eabi/7.3.1/../../../../arm-none-eabi/lib/thumb/v7e-m/fpv4-sp/hard\libc_nano.a(lib_a-mlock.o)
                0x0000000008006088                __malloc_lock
 .text.__malloc_unlock
                0x000000000800608a        0x2 c:/st/stm32cubeide_1.4.0/stm32cubeide/plugins/com.st.stm32cube.ide.mcu.externaltools.gnu-tools-for-stm32.7-2018-q2-update.win32_1.4.0.202007081208/tools/bin/../lib/gcc/arm-none-eabi/7.3.1/../../../../arm-none-eabi/lib/thumb/v7e-m/fpv4-sp/hard\libc_nano.a(lib_a-mlock.o)
                0x000000000800608a                __malloc_unlock
 .text._malloc_usable_size_r
                0x000000000800608c       0x10 c:/st/stm32cubeide_1.4.0/stm32cubeide/plugins/com.st.stm32cube.ide.mcu.externaltools.gnu-tools-for-stm32.7-2018-q2-update.win32_1.4.0.202007081208/tools/bin/../lib/gcc/arm-none-eabi/7.3.1/../../../../arm-none-eabi/lib/thumb/v7e-m/fpv4-sp/hard\libc_nano.a(lib_a-nano-msizer.o)
                0x000000000800608c                _malloc_usable_size_r
 .text._sbrk    0x000000000800609c       0x1c c:/st/stm32cubeide_1.4.0/stm32cubeide/plugins/com.st.stm32cube.ide.mcu.externaltools.gnu-tools-for-stm32.7-2018-q2-update.win32_1.4.0.202007081208/tools/bin/../lib/gcc/arm-none-eabi/7.3.1/../../../../arm-none-eabi/lib/thumb/v7e-m/fpv4-sp/hard\libnosys.a(sbrk.o)
                0x000000000800609c                _sbrk
 *(.glue_7)
 .glue_7        0x00000000080060b8        0x0 linker stubs
 *(.glue_7t)
 .glue_7t       0x00000000080060b8        0x0 linker stubs
 *(.eh_frame)
 .eh_frame      0x00000000080060b8        0x0 c:/st/stm32cubeide_1.4.0/stm32cubeide/plugins/com.st.stm32cube.ide.mcu.externaltools.gnu-tools-for-stm32.7-2018-q2-update.win32_1.4.0.202007081208/tools/bin/../lib/gcc/arm-none-eabi/7.3.1/thumb/v7e-m/fpv4-sp/hard/crtbegin.o
 *(.init)
 .init          0x00000000080060b8        0x4 c:/st/stm32cubeide_1.4.0/stm32cubeide/plugins/com.st.stm32cube.ide.mcu.externaltools.gnu-tools-for-stm32.7-2018-q2-update.win32_1.4.0.202007081208/tools/bin/../lib/gcc/arm-none-eabi/7.3.1/thumb/v7e-m/fpv4-sp/hard/crti.o
                0x00000000080060b8                _init
 .init          0x00000000080060bc        0x8 c:/st/stm32cubeide_1.4.0/stm32cubeide/plugins/com.st.stm32cube.ide.mcu.externaltools.gnu-tools-for-stm32.7-2018-q2-update.win32_1.4.0.202007081208/tools/bin/../lib/gcc/arm-none-eabi/7.3.1/thumb/v7e-m/fpv4-sp/hard/crtn.o
 *(.fini)
 .fini          0x00000000080060c4        0x4 c:/st/stm32cubeide_1.4.0/stm32cubeide/plugins/com.st.stm32cube.ide.mcu.externaltools.gnu-tools-for-stm32.7-2018-q2-update.win32_1.4.0.202007081208/tools/bin/../lib/gcc/arm-none-eabi/7.3.1/thumb/v7e-m/fpv4-sp/hard/crti.o
                0x00000000080060c4                _fini
 .fini          0x00000000080060c8        0x8 c:/st/stm32cubeide_1.4.0/stm32cubeide/plugins/com.st.stm32cube.ide.mcu.externaltools.gnu-tools-for-stm32.7-2018-q2-update.win32_1.4.0.202007081208/tools/bin/../lib/gcc/arm-none-eabi/7.3.1/thumb/v7e-m/fpv4-sp/hard/crtn.o
                0x00000000080060d0                . = ALIGN (0x4)
                0x00000000080060d0                _etext = .

.vfp11_veneer   0x00000000080060d0        0x0
 .vfp11_veneer  0x00000000080060d0        0x0 linker stubs

.v4_bx          0x00000000080060d0        0x0
 .v4_bx         0x00000000080060d0        0x0 linker stubs

.iplt           0x00000000080060d0        0x0
 .iplt          0x00000000080060d0        0x0 c:/st/stm32cubeide_1.4.0/stm32cubeide/plugins/com.st.stm32cube.ide.mcu.externaltools.gnu-tools-for-stm32.7-2018-q2-update.win32_1.4.0.202007081208/tools/bin/../lib/gcc/arm-none-eabi/7.3.1/thumb/v7e-m/fpv4-sp/hard/crtbegin.o

.rodata         0x00000000080060d0      0x18c
                0x00000000080060d0                . = ALIGN (0x4)
 *(.rodata)
 .rodata        0x00000000080060d0       0x44 Core/Src/main.o
 .rodata        0x0000000008006114        0x5 ThirdParty/FreeRTOS/tasks.o
 *fill*         0x0000000008006119        0x3 
 .rodata        0x000000000800611c       0x51 ThirdParty/SEGGER/Config/SEGGER_SYSVIEW_Config_FreeRTOS.o
 *fill*         0x000000000800616d        0x3 
 .rodata        0x0000000008006170       0x58 ThirdParty/SEGGER/OS/SEGGER_SYSVIEW_FreeRTOS.o
 .rodata        0x00000000080061c8       0x17 ThirdParty/SEGGER/SEGGER/SEGGER_RTT.o
 *fill*         0x00000000080061df        0x1 
 .rodata        0x00000000080061e0        0x8 ThirdParty/SEGGER/SEGGER/SEGGER_SYSVIEW.o
 *(.rodata*)
 .rodata.AHBPrescTable
                0x00000000080061e8       0x10 Core/Src/system_stm32f4xx.o
                0x00000000080061e8                AHBPrescTable
 .rodata.APBPrescTable
                0x00000000080061f8        0x8 Core/Src/system_stm32f4xx.o
                0x00000000080061f8                APBPrescTable
 .rodata.SYSVIEW_X_OS_TraceAPI
                0x0000000008006200        0x8 ThirdParty/SEGGER/OS/SEGGER_SYSVIEW_FreeRTOS.o
                0x0000000008006200                SYSVIEW_X_OS_TraceAPI
 .rodata._abHelloMsg
                0x0000000008006208        0x4 ThirdParty/SEGGER/Rec/segger_uart.o
 .rodata._abSync
                0x000000000800620c        0xa ThirdParty/SEGGER/SEGGER/SEGGER_SYSVIEW.o
 *fill*         0x0000000008006216        0x2 
 .rodata._aV2C.6914
                0x0000000008006218       0x10 ThirdParty/SEGGER/SEGGER/SEGGER_SYSVIEW.o
 .rodata._svfprintf_r.str1.1
                0x0000000008006228       0x11 c:/st/stm32cubeide_1.4.0/stm32cubeide/plugins/com.st.stm32cube.ide.mcu.externaltools.gnu-tools-for-stm32.7-2018-q2-update.win32_1.4.0.202007081208/tools/bin/../lib/gcc/arm-none-eabi/7.3.1/../../../../arm-none-eabi/lib/thumb/v7e-m/fpv4-sp/hard\libc_nano.a(lib_a-nano-svfprintf.o)
 .rodata._printf_i.str1.1
                0x0000000008006239       0x22 c:/st/stm32cubeide_1.4.0/stm32cubeide/plugins/com.st.stm32cube.ide.mcu.externaltools.gnu-tools-for-stm32.7-2018-q2-update.win32_1.4.0.202007081208/tools/bin/../lib/gcc/arm-none-eabi/7.3.1/../../../../arm-none-eabi/lib/thumb/v7e-m/fpv4-sp/hard\libc_nano.a(lib_a-nano-vfprintf_i.o)
                0x000000000800625c                . = ALIGN (0x4)
 *fill*         0x000000000800625b        0x1 

.ARM.extab      0x000000000800625c        0x0
                0x000000000800625c                . = ALIGN (0x4)
 *(.ARM.extab* .gnu.linkonce.armextab.*)
                0x000000000800625c                . = ALIGN (0x4)

.ARM            0x000000000800625c        0x8
                0x000000000800625c                . = ALIGN (0x4)
                0x000000000800625c                __exidx_start = .
 *(.ARM.exidx*)
 .ARM.exidx     0x000000000800625c        0x8 c:/st/stm32cubeide_1.4.0/stm32cubeide/plugins/com.st.stm32cube.ide.mcu.externaltools.gnu-tools-for-stm32.7-2018-q2-update.win32_1.4.0.202007081208/tools/bin/../lib/gcc/arm-none-eabi/7.3.1/thumb/v7e-m/fpv4-sp/hard\libgcc.a(_udivmoddi4.o)
                0x0000000008006264                __exidx_end = .
                0x0000000008006264                . = ALIGN (0x4)

.rel.dyn        0x0000000008006264        0x0
 .rel.iplt      0x0000000008006264        0x0 c:/st/stm32cubeide_1.4.0/stm32cubeide/plugins/com.st.stm32cube.ide.mcu.externaltools.gnu-tools-for-stm32.7-2018-q2-update.win32_1.4.0.202007081208/tools/bin/../lib/gcc/arm-none-eabi/7.3.1/thumb/v7e-m/fpv4-sp/hard/crtbegin.o

.preinit_array  0x0000000008006264        0x0
                0x0000000008006264                . = ALIGN (0x4)
                0x0000000008006264                PROVIDE (__preinit_array_start = .)
 *(.preinit_array*)
                0x0000000008006264                PROVIDE (__preinit_array_end = .)
                0x0000000008006264                . = ALIGN (0x4)

.init_array     0x0000000008006264        0x4
                0x0000000008006264                . = ALIGN (0x4)
                0x0000000008006264                PROVIDE (__init_array_start = .)
 *(SORT_BY_NAME(.init_array.*))
 *(.init_array*)
 .init_array    0x0000000008006264        0x4 c:/st/stm32cubeide_1.4.0/stm32cubeide/plugins/com.st.stm32cube.ide.mcu.externaltools.gnu-tools-for-stm32.7-2018-q2-update.win32_1.4.0.202007081208/tools/bin/../lib/gcc/arm-none-eabi/7.3.1/thumb/v7e-m/fpv4-sp/hard/crtbegin.o
                0x0000000008006268                PROVIDE (__init_array_end = .)
                0x0000000008006268                . = ALIGN (0x4)

.fini_array     0x0000000008006268        0x4
                0x0000000008006268                . = ALIGN (0x4)
                [!provide]                        PROVIDE (__fini_array_start = .)
 *(SORT_BY_NAME(.fini_array.*))
 *(.fini_array*)
 .fini_array    0x0000000008006268        0x4 c:/st/stm32cubeide_1.4.0/stm32cubeide/plugins/com.st.stm32cube.ide.mcu.externaltools.gnu-tools-for-stm32.7-2018-q2-update.win32_1.4.0.202007081208/tools/bin/../lib/gcc/arm-none-eabi/7.3.1/thumb/v7e-m/fpv4-sp/hard/crtbegin.o
                [!provide]                        PROVIDE (__fini_array_end = .)
                0x000000000800626c                . = ALIGN (0x4)
                0x000000000800626c                _sidata = LOADADDR (.data)

.data           0x0000000020000000       0x80 load address 0x000000000800626c
                0x0000000020000000                . = ALIGN (0x4)
                0x0000000020000000                _sdata = .
 *(.data)
 *(.data*)
 .data.SystemCoreClock
                0x0000000020000000        0x4 Core/Src/system_stm32f4xx.o
                0x0000000020000000                SystemCoreClock
 .data.uwTickPrio
                0x0000000020000004        0x4 Drivers/STM32F4xx_HAL_Driver/Src/stm32f4xx_hal.o
                0x0000000020000004                uwTickPrio
 .data.uwTickFreq
                0x0000000020000008        0x1 Drivers/STM32F4xx_HAL_Driver/Src/stm32f4xx_hal.o
                0x0000000020000008                uwTickFreq
 *fill*         0x0000000020000009        0x3 
 .data.uxTopUsedPriority
                0x000000002000000c        0x4 ThirdParty/FreeRTOS/tasks.o
                0x000000002000000c                uxTopUsedPriority
 .data.uxCriticalNesting
                0x0000000020000010        0x4 ThirdParty/FreeRTOS/portable/GCC/ARM_CM4F/port.o
 .data._SVInfo  0x0000000020000014        0x8 ThirdParty/SEGGER/Rec/segger_uart.o
 .data._impure_ptr
                0x000000002000001c        0x4 c:/st/stm32cubeide_1.4.0/stm32cubeide/plugins/com.st.stm32cube.ide.mcu.externaltools.gnu-tools-for-stm32.7-2018-q2-update.win32_1.4.0.202007081208/tools/bin/../lib/gcc/arm-none-eabi/7.3.1/../../../../arm-none-eabi/lib/thumb/v7e-m/fpv4-sp/hard\libc_nano.a(lib_a-impure.o)
                0x000000002000001c                _impure_ptr
 .data.impure_data
                0x0000000020000020       0x60 c:/st/stm32cubeide_1.4.0/stm32cubeide/plugins/com.st.stm32cube.ide.mcu.externaltools.gnu-tools-for-stm32.7-2018-q2-update.win32_1.4.0.202007081208/tools/bin/../lib/gcc/arm-none-eabi/7.3.1/../../../../arm-none-eabi/lib/thumb/v7e-m/fpv4-sp/hard\libc_nano.a(lib_a-impure.o)
                0x0000000020000080                . = ALIGN (0x4)
                0x0000000020000080                _edata = .

.igot.plt       0x0000000020000080        0x0 load address 0x00000000080062ec
 .igot.plt      0x0000000020000080        0x0 c:/st/stm32cubeide_1.4.0/stm32cubeide/plugins/com.st.stm32cube.ide.mcu.externaltools.gnu-tools-for-stm32.7-2018-q2-update.win32_1.4.0.202007081208/tools/bin/../lib/gcc/arm-none-eabi/7.3.1/thumb/v7e-m/fpv4-sp/hard/crtbegin.o
                0x0000000020000080                . = ALIGN (0x4)

.bss            0x0000000020000080    0x1441c load address 0x00000000080062ec
                0x0000000020000080                _sbss = .
                0x0000000020000080                __bss_start__ = _sbss
 *(.bss)
 .bss           0x0000000020000080       0x1c c:/st/stm32cubeide_1.4.0/stm32cubeide/plugins/com.st.stm32cube.ide.mcu.externaltools.gnu-tools-for-stm32.7-2018-q2-update.win32_1.4.0.202007081208/tools/bin/../lib/gcc/arm-none-eabi/7.3.1/thumb/v7e-m/fpv4-sp/hard/crtbegin.o
 *(.bss*)
 .bss.pxCurrentTCB
                0x000000002000009c        0x4 ThirdParty/FreeRTOS/tasks.o
                0x000000002000009c                pxCurrentTCB
 .bss.pxReadyTasksLists
                0x00000000200000a0       0x64 ThirdParty/FreeRTOS/tasks.o
 .bss.xDelayedTaskList1
                0x0000000020000104       0x14 ThirdParty/FreeRTOS/tasks.o
 .bss.xDelayedTaskList2
                0x0000000020000118       0x14 ThirdParty/FreeRTOS/tasks.o
 .bss.pxDelayedTaskList
                0x000000002000012c        0x4 ThirdParty/FreeRTOS/tasks.o
 .bss.pxOverflowDelayedTaskList
                0x0000000020000130        0x4 ThirdParty/FreeRTOS/tasks.o
 .bss.xPendingReadyList
                0x0000000020000134       0x14 ThirdParty/FreeRTOS/tasks.o
 .bss.xTasksWaitingTermination
                0x0000000020000148       0x14 ThirdParty/FreeRTOS/tasks.o
 .bss.uxDeletedTasksWaitingCleanUp
                0x000000002000015c        0x4 ThirdParty/FreeRTOS/tasks.o
 .bss.xSuspendedTaskList
                0x0000000020000160       0x14 ThirdParty/FreeRTOS/tasks.o
 .bss.uxCurrentNumberOfTasks
                0x0000000020000174        0x4 ThirdParty/FreeRTOS/tasks.o
 .bss.xTickCount
                0x0000000020000178        0x4 ThirdParty/FreeRTOS/tasks.o
 .bss.uxTopReadyPriority
                0x000000002000017c        0x4 ThirdParty/FreeRTOS/tasks.o
 .bss.xSchedulerRunning
                0x0000000020000180        0x4 ThirdParty/FreeRTOS/tasks.o
 .bss.xPendedTicks
                0x0000000020000184        0x4 ThirdParty/FreeRTOS/tasks.o
 .bss.xYieldPending
                0x0000000020000188        0x4 ThirdParty/FreeRTOS/tasks.o
 .bss.xNumOfOverflows
                0x000000002000018c        0x4 ThirdParty/FreeRTOS/tasks.o
 .bss.uxTaskNumber
                0x0000000020000190        0x4 ThirdParty/FreeRTOS/tasks.o
 .bss.xNextTaskUnblockTime
                0x0000000020000194        0x4 ThirdParty/FreeRTOS/tasks.o
 .bss.xIdleTaskHandle
                0x0000000020000198        0x4 ThirdParty/FreeRTOS/tasks.o
 .bss.uxSchedulerSuspended
                0x000000002000019c        0x4 ThirdParty/FreeRTOS/tasks.o
 .bss.ucMaxSysCallPriority
                0x00000000200001a0        0x1 ThirdParty/FreeRTOS/portable/GCC/ARM_CM4F/port.o
 *fill*         0x00000000200001a1        0x3 
 .bss.ulMaxPRIGROUPValue
                0x00000000200001a4        0x4 ThirdParty/FreeRTOS/portable/GCC/ARM_CM4F/port.o
 .bss.ucHeap    0x00000000200001a8    0x12c00 ThirdParty/FreeRTOS/portable/MemMang/heap_4.o
 .bss.xStart    0x0000000020012da8        0x8 ThirdParty/FreeRTOS/portable/MemMang/heap_4.o
 .bss.pxEnd     0x0000000020012db0        0x4 ThirdParty/FreeRTOS/portable/MemMang/heap_4.o
 .bss.xFreeBytesRemaining
                0x0000000020012db4        0x4 ThirdParty/FreeRTOS/portable/MemMang/heap_4.o
 .bss.xMinimumEverFreeBytesRemaining
                0x0000000020012db8        0x4 ThirdParty/FreeRTOS/portable/MemMang/heap_4.o
 .bss.xNumberOfSuccessfulAllocations
                0x0000000020012dbc        0x4 ThirdParty/FreeRTOS/portable/MemMang/heap_4.o
 .bss.xNumberOfSuccessfulFrees
                0x0000000020012dc0        0x4 ThirdParty/FreeRTOS/portable/MemMang/heap_4.o
 .bss.xBlockAllocatedBit
                0x0000000020012dc4        0x4 ThirdParty/FreeRTOS/portable/MemMang/heap_4.o
 .bss._aTasks   0x0000000020012dc8       0xa0 ThirdParty/SEGGER/OS/SEGGER_SYSVIEW_FreeRTOS.o
 .bss._NumTasks
                0x0000000020012e68        0x4 ThirdParty/SEGGER/OS/SEGGER_SYSVIEW_FreeRTOS.o
 .bss._cbOnRx   0x0000000020012e6c        0x4 ThirdParty/SEGGER/Rec/segger_uart.o
 .bss._cbOnTx   0x0000000020012e70        0x4 ThirdParty/SEGGER/Rec/segger_uart.o
 .bss._acUpBuffer
                0x0000000020012e74      0x400 ThirdParty/SEGGER/SEGGER/SEGGER_RTT.o
 .bss._acDownBuffer
                0x0000000020013274       0x10 ThirdParty/SEGGER/SEGGER/SEGGER_RTT.o
 .bss._UpBuffer
                0x0000000020013284     0x1000 ThirdParty/SEGGER/SEGGER/SEGGER_SYSVIEW.o
 .bss._DownBuffer
                0x0000000020014284        0x8 ThirdParty/SEGGER/SEGGER/SEGGER_SYSVIEW.o
 .bss._SYSVIEW_Globals
                0x000000002001428c       0x28 ThirdParty/SEGGER/SEGGER/SEGGER_SYSVIEW.o
 .bss._pFirstModule
                0x00000000200142b4        0x4 ThirdParty/SEGGER/SEGGER/SEGGER_SYSVIEW.o
 .bss._NumModules
                0x00000000200142b8        0x1 ThirdParty/SEGGER/SEGGER/SEGGER_SYSVIEW.o
 *fill*         0x00000000200142b9        0x3 
 .bss._aPacket  0x00000000200142bc       0xe3 ThirdParty/SEGGER/SEGGER/SEGGER_SYSVIEW.o
 *fill*         0x000000002001439f        0x1 
 .bss.__malloc_free_list
                0x00000000200143a0        0x4 c:/st/stm32cubeide_1.4.0/stm32cubeide/plugins/com.st.stm32cube.ide.mcu.externaltools.gnu-tools-for-stm32.7-2018-q2-update.win32_1.4.0.202007081208/tools/bin/../lib/gcc/arm-none-eabi/7.3.1/../../../../arm-none-eabi/lib/thumb/v7e-m/fpv4-sp/hard\libc_nano.a(lib_a-nano-mallocr.o)
                0x00000000200143a0                __malloc_free_list
 .bss.__malloc_sbrk_start
                0x00000000200143a4        0x4 c:/st/stm32cubeide_1.4.0/stm32cubeide/plugins/com.st.stm32cube.ide.mcu.externaltools.gnu-tools-for-stm32.7-2018-q2-update.win32_1.4.0.202007081208/tools/bin/../lib/gcc/arm-none-eabi/7.3.1/../../../../arm-none-eabi/lib/thumb/v7e-m/fpv4-sp/hard\libc_nano.a(lib_a-nano-mallocr.o)
                0x00000000200143a4                __malloc_sbrk_start
 .bss.heap_end.5377
                0x00000000200143a8        0x4 c:/st/stm32cubeide_1.4.0/stm32cubeide/plugins/com.st.stm32cube.ide.mcu.externaltools.gnu-tools-for-stm32.7-2018-q2-update.win32_1.4.0.202007081208/tools/bin/../lib/gcc/arm-none-eabi/7.3.1/../../../../arm-none-eabi/lib/thumb/v7e-m/fpv4-sp/hard\libnosys.a(sbrk.o)
 *(COMMON)
 COMMON         0x00000000200143ac       0x40 Core/Src/stm32f4xx_hal_timebase_tim.o
                0x00000000200143ac                htim6
 COMMON         0x00000000200143ec        0x4 Drivers/STM32F4xx_HAL_Driver/Src/stm32f4xx_hal.o
                0x00000000200143ec                uwTick
 COMMON         0x00000000200143f0       0xa8 ThirdParty/SEGGER/SEGGER/SEGGER_RTT.o
                0x00000000200143f0                _SEGGER_RTT
 COMMON         0x0000000020014498        0x4 c:/st/stm32cubeide_1.4.0/stm32cubeide/plugins/com.st.stm32cube.ide.mcu.externaltools.gnu-tools-for-stm32.7-2018-q2-update.win32_1.4.0.202007081208/tools/bin/../lib/gcc/arm-none-eabi/7.3.1/../../../../arm-none-eabi/lib/thumb/v7e-m/fpv4-sp/hard\libc_nano.a(lib_a-reent.o)
                0x0000000020014498                errno
                0x000000002001449c                . = ALIGN (0x4)
                0x000000002001449c                _ebss = .
                0x000000002001449c                __bss_end__ = _ebss

._user_heap_stack
                0x000000002001449c      0x604 load address 0x00000000080062ec
                0x00000000200144a0                . = ALIGN (0x8)
 *fill*         0x000000002001449c        0x4 
                0x00000000200144a0                PROVIDE (end = .)
                [!provide]                        PROVIDE (_end = .)
                0x00000000200146a0                . = (. + _Min_Heap_Size)
 *fill*         0x00000000200144a0      0x200 
                0x0000000020014aa0                . = (. + _Min_Stack_Size)
 *fill*         0x00000000200146a0      0x400 
                0x0000000020014aa0                . = ALIGN (0x8)

/DISCARD/
 libc.a(*)
 libm.a(*)
 libgcc.a(*)

.ARM.attributes
                0x0000000000000000       0x30
 *(.ARM.attributes)
 .ARM.attributes
                0x0000000000000000       0x22 c:/st/stm32cubeide_1.4.0/stm32cubeide/plugins/com.st.stm32cube.ide.mcu.externaltools.gnu-tools-for-stm32.7-2018-q2-update.win32_1.4.0.202007081208/tools/bin/../lib/gcc/arm-none-eabi/7.3.1/thumb/v7e-m/fpv4-sp/hard/crti.o
 .ARM.attributes
                0x0000000000000022       0x34 c:/st/stm32cubeide_1.4.0/stm32cubeide/plugins/com.st.stm32cube.ide.mcu.externaltools.gnu-tools-for-stm32.7-2018-q2-update.win32_1.4.0.202007081208/tools/bin/../lib/gcc/arm-none-eabi/7.3.1/thumb/v7e-m/fpv4-sp/hard/crtbegin.o
 .ARM.attributes
                0x0000000000000056       0x39 Core/Src/main.o
 .ARM.attributes
                0x000000000000008f       0x39 Core/Src/stm32f4xx_hal_msp.o
 .ARM.attributes
                0x00000000000000c8       0x39 Core/Src/stm32f4xx_hal_timebase_tim.o
 .ARM.attributes
                0x0000000000000101       0x39 Core/Src/stm32f4xx_it.o
 .ARM.attributes
                0x000000000000013a       0x39 Core/Src/system_stm32f4xx.o
 .ARM.attributes
                0x0000000000000173       0x21 Core/Startup/startup_stm32f407vgtx.o
 .ARM.attributes
                0x0000000000000194       0x39 Drivers/STM32F4xx_HAL_Driver/Src/stm32f4xx_hal.o
 .ARM.attributes
                0x00000000000001cd       0x39 Drivers/STM32F4xx_HAL_Driver/Src/stm32f4xx_hal_cortex.o
 .ARM.attributes
                0x0000000000000206       0x39 Drivers/STM32F4xx_HAL_Driver/Src/stm32f4xx_hal_gpio.o
 .ARM.attributes
                0x000000000000023f       0x39 Drivers/STM32F4xx_HAL_Driver/Src/stm32f4xx_hal_rcc.o
 .ARM.attributes
                0x0000000000000278       0x39 Drivers/STM32F4xx_HAL_Driver/Src/stm32f4xx_hal_tim.o
 .ARM.attributes
                0x00000000000002b1       0x39 Drivers/STM32F4xx_HAL_Driver/Src/stm32f4xx_hal_tim_ex.o
 .ARM.attributes
                0x00000000000002ea       0x39 ThirdParty/FreeRTOS/list.o
 .ARM.attributes
                0x0000000000000323       0x39 ThirdParty/FreeRTOS/tasks.o
 .ARM.attributes
                0x000000000000035c       0x39 ThirdParty/FreeRTOS/portable/GCC/ARM_CM4F/port.o
 .ARM.attributes
                0x0000000000000395       0x39 ThirdParty/FreeRTOS/portable/MemMang/heap_4.o
 .ARM.attributes
                0x00000000000003ce       0x39 ThirdParty/SEGGER/Config/SEGGER_SYSVIEW_Config_FreeRTOS.o
 .ARM.attributes
                0x0000000000000407       0x39 ThirdParty/SEGGER/OS/SEGGER_SYSVIEW_FreeRTOS.o
 .ARM.attributes
                0x0000000000000440       0x39 ThirdParty/SEGGER/Rec/segger_uart.o
 .ARM.attributes
                0x0000000000000479       0x39 ThirdParty/SEGGER/SEGGER/SEGGER_RTT.o
 .ARM.attributes
                0x00000000000004b2       0x25 ThirdParty/SEGGER/SEGGER/SEGGER_RTT_ASM_ARMv7M.o
 .ARM.attributes
                0x00000000000004d7       0x39 ThirdParty/SEGGER/SEGGER/SEGGER_SYSVIEW.o
 .ARM.attributes
                0x0000000000000510       0x34 c:/st/stm32cubeide_1.4.0/stm32cubeide/plugins/com.st.stm32cube.ide.mcu.externaltools.gnu-tools-for-stm32.7-2018-q2-update.win32_1.4.0.202007081208/tools/bin/../lib/gcc/arm-none-eabi/7.3.1/../../../../arm-none-eabi/lib/thumb/v7e-m/fpv4-sp/hard\libc_nano.a(lib_a-impure.o)
 .ARM.attributes
                0x0000000000000544       0x34 c:/st/stm32cubeide_1.4.0/stm32cubeide/plugins/com.st.stm32cube.ide.mcu.externaltools.gnu-tools-for-stm32.7-2018-q2-update.win32_1.4.0.202007081208/tools/bin/../lib/gcc/arm-none-eabi/7.3.1/../../../../arm-none-eabi/lib/thumb/v7e-m/fpv4-sp/hard\libc_nano.a(lib_a-init.o)
 .ARM.attributes
                0x0000000000000578       0x34 c:/st/stm32cubeide_1.4.0/stm32cubeide/plugins/com.st.stm32cube.ide.mcu.externaltools.gnu-tools-for-stm32.7-2018-q2-update.win32_1.4.0.202007081208/tools/bin/../lib/gcc/arm-none-eabi/7.3.1/../../../../arm-none-eabi/lib/thumb/v7e-m/fpv4-sp/hard\libc_nano.a(lib_a-memcmp.o)
 .ARM.attributes
                0x00000000000005ac       0x34 c:/st/stm32cubeide_1.4.0/stm32cubeide/plugins/com.st.stm32cube.ide.mcu.externaltools.gnu-tools-for-stm32.7-2018-q2-update.win32_1.4.0.202007081208/tools/bin/../lib/gcc/arm-none-eabi/7.3.1/../../../../arm-none-eabi/lib/thumb/v7e-m/fpv4-sp/hard\libc_nano.a(lib_a-memcpy-stub.o)
 .ARM.attributes
                0x00000000000005e0       0x34 c:/st/stm32cubeide_1.4.0/stm32cubeide/plugins/com.st.stm32cube.ide.mcu.externaltools.gnu-tools-for-stm32.7-2018-q2-update.win32_1.4.0.202007081208/tools/bin/../lib/gcc/arm-none-eabi/7.3.1/../../../../arm-none-eabi/lib/thumb/v7e-m/fpv4-sp/hard\libc_nano.a(lib_a-memset.o)
 .ARM.attributes
                0x0000000000000614       0x34 c:/st/stm32cubeide_1.4.0/stm32cubeide/plugins/com.st.stm32cube.ide.mcu.externaltools.gnu-tools-for-stm32.7-2018-q2-update.win32_1.4.0.202007081208/tools/bin/../lib/gcc/arm-none-eabi/7.3.1/../../../../arm-none-eabi/lib/thumb/v7e-m/fpv4-sp/hard\libc_nano.a(lib_a-snprintf.o)
 .ARM.attributes
                0x0000000000000648       0x34 c:/st/stm32cubeide_1.4.0/stm32cubeide/plugins/com.st.stm32cube.ide.mcu.externaltools.gnu-tools-for-stm32.7-2018-q2-update.win32_1.4.0.202007081208/tools/bin/../lib/gcc/arm-none-eabi/7.3.1/../../../../arm-none-eabi/lib/thumb/v7e-m/fpv4-sp/hard\libc_nano.a(lib_a-nano-svfprintf.o)
 .ARM.attributes
                0x000000000000067c       0x34 c:/st/stm32cubeide_1.4.0/stm32cubeide/plugins/com.st.stm32cube.ide.mcu.externaltools.gnu-tools-for-stm32.7-2018-q2-update.win32_1.4.0.202007081208/tools/bin/../lib/gcc/arm-none-eabi/7.3.1/../../../../arm-none-eabi/lib/thumb/v7e-m/fpv4-sp/hard\libc_nano.a(lib_a-nano-vfprintf_i.o)
 .ARM.attributes
                0x00000000000006b0       0x20 c:/st/stm32cubeide_1.4.0/stm32cubeide/plugins/com.st.stm32cube.ide.mcu.externaltools.gnu-tools-for-stm32.7-2018-q2-update.win32_1.4.0.202007081208/tools/bin/../lib/gcc/arm-none-eabi/7.3.1/../../../../arm-none-eabi/lib/thumb/v7e-m/fpv4-sp/hard\libc_nano.a(lib_a-memchr.o)
 .ARM.attributes
                0x00000000000006d0       0x34 c:/st/stm32cubeide_1.4.0/stm32cubeide/plugins/com.st.stm32cube.ide.mcu.externaltools.gnu-tools-for-stm32.7-2018-q2-update.win32_1.4.0.202007081208/tools/bin/../lib/gcc/arm-none-eabi/7.3.1/../../../../arm-none-eabi/lib/thumb/v7e-m/fpv4-sp/hard\libc_nano.a(lib_a-memmove.o)
 .ARM.attributes
                0x0000000000000704       0x34 c:/st/stm32cubeide_1.4.0/stm32cubeide/plugins/com.st.stm32cube.ide.mcu.externaltools.gnu-tools-for-stm32.7-2018-q2-update.win32_1.4.0.202007081208/tools/bin/../lib/gcc/arm-none-eabi/7.3.1/../../../../arm-none-eabi/lib/thumb/v7e-m/fpv4-sp/hard\libc_nano.a(lib_a-nano-freer.o)
 .ARM.attributes
                0x0000000000000738       0x34 c:/st/stm32cubeide_1.4.0/stm32cubeide/plugins/com.st.stm32cube.ide.mcu.externaltools.gnu-tools-for-stm32.7-2018-q2-update.win32_1.4.0.202007081208/tools/bin/../lib/gcc/arm-none-eabi/7.3.1/../../../../arm-none-eabi/lib/thumb/v7e-m/fpv4-sp/hard\libc_nano.a(lib_a-nano-mallocr.o)
 .ARM.attributes
                0x000000000000076c       0x34 c:/st/stm32cubeide_1.4.0/stm32cubeide/plugins/com.st.stm32cube.ide.mcu.externaltools.gnu-tools-for-stm32.7-2018-q2-update.win32_1.4.0.202007081208/tools/bin/../lib/gcc/arm-none-eabi/7.3.1/../../../../arm-none-eabi/lib/thumb/v7e-m/fpv4-sp/hard\libc_nano.a(lib_a-nano-reallocr.o)
 .ARM.attributes
                0x00000000000007a0       0x34 c:/st/stm32cubeide_1.4.0/stm32cubeide/plugins/com.st.stm32cube.ide.mcu.externaltools.gnu-tools-for-stm32.7-2018-q2-update.win32_1.4.0.202007081208/tools/bin/../lib/gcc/arm-none-eabi/7.3.1/../../../../arm-none-eabi/lib/thumb/v7e-m/fpv4-sp/hard\libc_nano.a(lib_a-sbrkr.o)
 .ARM.attributes
                0x00000000000007d4       0x34 c:/st/stm32cubeide_1.4.0/stm32cubeide/plugins/com.st.stm32cube.ide.mcu.externaltools.gnu-tools-for-stm32.7-2018-q2-update.win32_1.4.0.202007081208/tools/bin/../lib/gcc/arm-none-eabi/7.3.1/../../../../arm-none-eabi/lib/thumb/v7e-m/fpv4-sp/hard\libc_nano.a(lib_a-mlock.o)
 .ARM.attributes
                0x0000000000000808       0x34 c:/st/stm32cubeide_1.4.0/stm32cubeide/plugins/com.st.stm32cube.ide.mcu.externaltools.gnu-tools-for-stm32.7-2018-q2-update.win32_1.4.0.202007081208/tools/bin/../lib/gcc/arm-none-eabi/7.3.1/../../../../arm-none-eabi/lib/thumb/v7e-m/fpv4-sp/hard\libc_nano.a(lib_a-nano-msizer.o)
 .ARM.attributes
                0x000000000000083c       0x34 c:/st/stm32cubeide_1.4.0/stm32cubeide/plugins/com.st.stm32cube.ide.mcu.externaltools.gnu-tools-for-stm32.7-2018-q2-update.win32_1.4.0.202007081208/tools/bin/../lib/gcc/arm-none-eabi/7.3.1/../../../../arm-none-eabi/lib/thumb/v7e-m/fpv4-sp/hard\libc_nano.a(lib_a-reent.o)
 .ARM.attributes
                0x0000000000000870       0x22 c:/st/stm32cubeide_1.4.0/stm32cubeide/plugins/com.st.stm32cube.ide.mcu.externaltools.gnu-tools-for-stm32.7-2018-q2-update.win32_1.4.0.202007081208/tools/bin/../lib/gcc/arm-none-eabi/7.3.1/thumb/v7e-m/fpv4-sp/hard\libgcc.a(_aeabi_uldivmod.o)
 .ARM.attributes
                0x0000000000000892       0x34 c:/st/stm32cubeide_1.4.0/stm32cubeide/plugins/com.st.stm32cube.ide.mcu.externaltools.gnu-tools-for-stm32.7-2018-q2-update.win32_1.4.0.202007081208/tools/bin/../lib/gcc/arm-none-eabi/7.3.1/thumb/v7e-m/fpv4-sp/hard\libgcc.a(_udivmoddi4.o)
 .ARM.attributes
                0x00000000000008c6       0x22 c:/st/stm32cubeide_1.4.0/stm32cubeide/plugins/com.st.stm32cube.ide.mcu.externaltools.gnu-tools-for-stm32.7-2018-q2-update.win32_1.4.0.202007081208/tools/bin/../lib/gcc/arm-none-eabi/7.3.1/thumb/v7e-m/fpv4-sp/hard\libgcc.a(_dvmd_tls.o)
 .ARM.attributes
                0x00000000000008e8       0x34 c:/st/stm32cubeide_1.4.0/stm32cubeide/plugins/com.st.stm32cube.ide.mcu.externaltools.gnu-tools-for-stm32.7-2018-q2-update.win32_1.4.0.202007081208/tools/bin/../lib/gcc/arm-none-eabi/7.3.1/../../../../arm-none-eabi/lib/thumb/v7e-m/fpv4-sp/hard\libnosys.a(sbrk.o)
 .ARM.attributes
                0x000000000000091c       0x22 c:/st/stm32cubeide_1.4.0/stm32cubeide/plugins/com.st.stm32cube.ide.mcu.externaltools.gnu-tools-for-stm32.7-2018-q2-update.win32_1.4.0.202007081208/tools/bin/../lib/gcc/arm-none-eabi/7.3.1/thumb/v7e-m/fpv4-sp/hard/crtn.o
OUTPUT(001Tasks.elf elf32-littlearm)

.debug_info     0x0000000000000000    0x14d48
 .debug_info    0x0000000000000000     0x153e Core/Src/main.o
 .debug_info    0x000000000000153e      0x37f Core/Src/stm32f4xx_hal_msp.o
 .debug_info    0x00000000000018bd      0xb2d Core/Src/stm32f4xx_hal_timebase_tim.o
 .debug_info    0x00000000000023ea      0x6b8 Core/Src/stm32f4xx_it.o
 .debug_info    0x0000000000002aa2      0x554 Core/Src/system_stm32f4xx.o
 .debug_info    0x0000000000002ff6       0x22 Core/Startup/startup_stm32f407vgtx.o
 .debug_info    0x0000000000003018      0x945 Drivers/STM32F4xx_HAL_Driver/Src/stm32f4xx_hal.o
 .debug_info    0x000000000000395d      0xe28 Drivers/STM32F4xx_HAL_Driver/Src/stm32f4xx_hal_cortex.o
 .debug_info    0x0000000000004785      0x7b5 Drivers/STM32F4xx_HAL_Driver/Src/stm32f4xx_hal_gpio.o
 .debug_info    0x0000000000004f3a      0x904 Drivers/STM32F4xx_HAL_Driver/Src/stm32f4xx_hal_rcc.o
 .debug_info    0x000000000000583e     0x24a9 Drivers/STM32F4xx_HAL_Driver/Src/stm32f4xx_hal_tim.o
 .debug_info    0x0000000000007ce7     0x1157 Drivers/STM32F4xx_HAL_Driver/Src/stm32f4xx_hal_tim_ex.o
 .debug_info    0x0000000000008e3e      0xae1 ThirdParty/FreeRTOS/list.o
 .debug_info    0x000000000000991f     0x2975 ThirdParty/FreeRTOS/tasks.o
 .debug_info    0x000000000000c294      0x608 ThirdParty/FreeRTOS/portable/GCC/ARM_CM4F/port.o
 .debug_info    0x000000000000c89c      0xd03 ThirdParty/FreeRTOS/portable/MemMang/heap_4.o
 .debug_info    0x000000000000d59f      0x125 ThirdParty/SEGGER/Config/SEGGER_SYSVIEW_Config_FreeRTOS.o
 .debug_info    0x000000000000d6c4      0xb92 ThirdParty/SEGGER/OS/SEGGER_SYSVIEW_FreeRTOS.o
 .debug_info    0x000000000000e256     0x1290 ThirdParty/SEGGER/Rec/segger_uart.o
 .debug_info    0x000000000000f4e6     0x1bab ThirdParty/SEGGER/SEGGER/SEGGER_RTT.o
 .debug_info    0x0000000000011091       0x26 ThirdParty/SEGGER/SEGGER/SEGGER_RTT_ASM_ARMv7M.o
 .debug_info    0x00000000000110b7     0x3c91 ThirdParty/SEGGER/SEGGER/SEGGER_SYSVIEW.o

.debug_abbrev   0x0000000000000000     0x2a24
 .debug_abbrev  0x0000000000000000      0x2b9 Core/Src/main.o
 .debug_abbrev  0x00000000000002b9      0x109 Core/Src/stm32f4xx_hal_msp.o
 .debug_abbrev  0x00000000000003c2      0x19d Core/Src/stm32f4xx_hal_timebase_tim.o
 .debug_abbrev  0x000000000000055f      0x15a Core/Src/stm32f4xx_it.o
 .debug_abbrev  0x00000000000006b9      0x12b Core/Src/system_stm32f4xx.o
 .debug_abbrev  0x00000000000007e4       0x12 Core/Startup/startup_stm32f407vgtx.o
 .debug_abbrev  0x00000000000007f6      0x1c7 Drivers/STM32F4xx_HAL_Driver/Src/stm32f4xx_hal.o
 .debug_abbrev  0x00000000000009bd      0x2fa Drivers/STM32F4xx_HAL_Driver/Src/stm32f4xx_hal_cortex.o
 .debug_abbrev  0x0000000000000cb7      0x1c9 Drivers/STM32F4xx_HAL_Driver/Src/stm32f4xx_hal_gpio.o
 .debug_abbrev  0x0000000000000e80      0x245 Drivers/STM32F4xx_HAL_Driver/Src/stm32f4xx_hal_rcc.o
 .debug_abbrev  0x00000000000010c5      0x230 Drivers/STM32F4xx_HAL_Driver/Src/stm32f4xx_hal_tim.o
 .debug_abbrev  0x00000000000012f5      0x21e Drivers/STM32F4xx_HAL_Driver/Src/stm32f4xx_hal_tim_ex.o
 .debug_abbrev  0x0000000000001513      0x1cf ThirdParty/FreeRTOS/list.o
 .debug_abbrev  0x00000000000016e2      0x35d ThirdParty/FreeRTOS/tasks.o
 .debug_abbrev  0x0000000000001a3f      0x210 ThirdParty/FreeRTOS/portable/GCC/ARM_CM4F/port.o
 .debug_abbrev  0x0000000000001c4f      0x29e ThirdParty/FreeRTOS/portable/MemMang/heap_4.o
 .debug_abbrev  0x0000000000001eed       0xb5 ThirdParty/SEGGER/Config/SEGGER_SYSVIEW_Config_FreeRTOS.o
 .debug_abbrev  0x0000000000001fa2      0x1ed ThirdParty/SEGGER/OS/SEGGER_SYSVIEW_FreeRTOS.o
 .debug_abbrev  0x000000000000218f      0x2a2 ThirdParty/SEGGER/Rec/segger_uart.o
 .debug_abbrev  0x0000000000002431      0x2a7 ThirdParty/SEGGER/SEGGER/SEGGER_RTT.o
 .debug_abbrev  0x00000000000026d8       0x14 ThirdParty/SEGGER/SEGGER/SEGGER_RTT_ASM_ARMv7M.o
 .debug_abbrev  0x00000000000026ec      0x338 ThirdParty/SEGGER/SEGGER/SEGGER_SYSVIEW.o

.debug_aranges  0x0000000000000000     0x10e8
 .debug_aranges
                0x0000000000000000       0x50 Core/Src/main.o
 .debug_aranges
                0x0000000000000050       0x20 Core/Src/stm32f4xx_hal_msp.o
 .debug_aranges
                0x0000000000000070       0x30 Core/Src/stm32f4xx_hal_timebase_tim.o
 .debug_aranges
                0x00000000000000a0       0x50 Core/Src/stm32f4xx_it.o
 .debug_aranges
                0x00000000000000f0       0x28 Core/Src/system_stm32f4xx.o
 .debug_aranges
                0x0000000000000118       0x28 Core/Startup/startup_stm32f407vgtx.o
 .debug_aranges
                0x0000000000000140       0xf0 Drivers/STM32F4xx_HAL_Driver/Src/stm32f4xx_hal.o
 .debug_aranges
                0x0000000000000230      0x118 Drivers/STM32F4xx_HAL_Driver/Src/stm32f4xx_hal_cortex.o
 .debug_aranges
                0x0000000000000348       0x58 Drivers/STM32F4xx_HAL_Driver/Src/stm32f4xx_hal_gpio.o
 .debug_aranges
                0x00000000000003a0       0x88 Drivers/STM32F4xx_HAL_Driver/Src/stm32f4xx_hal_rcc.o
 .debug_aranges
                0x0000000000000428      0x3a8 Drivers/STM32F4xx_HAL_Driver/Src/stm32f4xx_hal_tim.o
 .debug_aranges
                0x00000000000007d0      0x150 Drivers/STM32F4xx_HAL_Driver/Src/stm32f4xx_hal_tim_ex.o
 .debug_aranges
                0x0000000000000920       0x40 ThirdParty/FreeRTOS/list.o
 .debug_aranges
                0x0000000000000960      0x1f8 ThirdParty/FreeRTOS/tasks.o
 .debug_aranges
                0x0000000000000b58       0x88 ThirdParty/FreeRTOS/portable/GCC/ARM_CM4F/port.o
 .debug_aranges
                0x0000000000000be0       0x58 ThirdParty/FreeRTOS/portable/MemMang/heap_4.o
 .debug_aranges
                0x0000000000000c38       0x28 ThirdParty/SEGGER/Config/SEGGER_SYSVIEW_Config_FreeRTOS.o
 .debug_aranges
                0x0000000000000c60       0x48 ThirdParty/SEGGER/OS/SEGGER_SYSVIEW_FreeRTOS.o
 .debug_aranges
                0x0000000000000ca8       0x68 ThirdParty/SEGGER/Rec/segger_uart.o
 .debug_aranges
                0x0000000000000d10      0x138 ThirdParty/SEGGER/SEGGER/SEGGER_RTT.o
 .debug_aranges
                0x0000000000000e48       0x20 ThirdParty/SEGGER/SEGGER/SEGGER_RTT_ASM_ARMv7M.o
 .debug_aranges
                0x0000000000000e68      0x280 ThirdParty/SEGGER/SEGGER/SEGGER_SYSVIEW.o

.debug_ranges   0x0000000000000000      0xf80
 .debug_ranges  0x0000000000000000       0x40 Core/Src/main.o
 .debug_ranges  0x0000000000000040       0x10 Core/Src/stm32f4xx_hal_msp.o
 .debug_ranges  0x0000000000000050       0x20 Core/Src/stm32f4xx_hal_timebase_tim.o
 .debug_ranges  0x0000000000000070       0x40 Core/Src/stm32f4xx_it.o
 .debug_ranges  0x00000000000000b0       0x18 Core/Src/system_stm32f4xx.o
 .debug_ranges  0x00000000000000c8       0x20 Core/Startup/startup_stm32f407vgtx.o
 .debug_ranges  0x00000000000000e8       0xe0 Drivers/STM32F4xx_HAL_Driver/Src/stm32f4xx_hal.o
 .debug_ranges  0x00000000000001c8      0x108 Drivers/STM32F4xx_HAL_Driver/Src/stm32f4xx_hal_cortex.o
 .debug_ranges  0x00000000000002d0       0x48 Drivers/STM32F4xx_HAL_Driver/Src/stm32f4xx_hal_gpio.o
 .debug_ranges  0x0000000000000318       0x78 Drivers/STM32F4xx_HAL_Driver/Src/stm32f4xx_hal_rcc.o
 .debug_ranges  0x0000000000000390      0x398 Drivers/STM32F4xx_HAL_Driver/Src/stm32f4xx_hal_tim.o
 .debug_ranges  0x0000000000000728      0x140 Drivers/STM32F4xx_HAL_Driver/Src/stm32f4xx_hal_tim_ex.o
 .debug_ranges  0x0000000000000868       0x30 ThirdParty/FreeRTOS/list.o
 .debug_ranges  0x0000000000000898      0x1e8 ThirdParty/FreeRTOS/tasks.o
 .debug_ranges  0x0000000000000a80       0x78 ThirdParty/FreeRTOS/portable/GCC/ARM_CM4F/port.o
 .debug_ranges  0x0000000000000af8       0x48 ThirdParty/FreeRTOS/portable/MemMang/heap_4.o
 .debug_ranges  0x0000000000000b40       0x18 ThirdParty/SEGGER/Config/SEGGER_SYSVIEW_Config_FreeRTOS.o
 .debug_ranges  0x0000000000000b58       0x38 ThirdParty/SEGGER/OS/SEGGER_SYSVIEW_FreeRTOS.o
 .debug_ranges  0x0000000000000b90       0x58 ThirdParty/SEGGER/Rec/segger_uart.o
 .debug_ranges  0x0000000000000be8      0x128 ThirdParty/SEGGER/SEGGER/SEGGER_RTT.o
 .debug_ranges  0x0000000000000d10      0x270 ThirdParty/SEGGER/SEGGER/SEGGER_SYSVIEW.o

.debug_macro    0x0000000000000000    0x234c3
 .debug_macro   0x0000000000000000      0x3f8 Core/Src/main.o
 .debug_macro   0x00000000000003f8      0xa5a Core/Src/main.o
 .debug_macro   0x0000000000000e52      0x184 Core/Src/main.o
 .debug_macro   0x0000000000000fd6       0x32 Core/Src/main.o
 .debug_macro   0x0000000000001008       0x2f Core/Src/main.o
 .debug_macro   0x0000000000001037       0x22 Core/Src/main.o
 .debug_macro   0x0000000000001059       0x8e Core/Src/main.o
 .debug_macro   0x00000000000010e7       0x51 Core/Src/main.o
 .debug_macro   0x0000000000001138       0xef Core/Src/main.o
 .debug_macro   0x0000000000001227       0x6a Core/Src/main.o
 .debug_macro   0x0000000000001291      0x1df Core/Src/main.o
 .debug_macro   0x0000000000001470       0x1c Core/Src/main.o
 .debug_macro   0x000000000000148c       0x22 Core/Src/main.o
 .debug_macro   0x00000000000014ae       0xdf Core/Src/main.o
 .debug_macro   0x000000000000158d     0x102d Core/Src/main.o
 .debug_macro   0x00000000000025ba      0x11f Core/Src/main.o
 .debug_macro   0x00000000000026d9    0x15e3c Core/Src/main.o
 .debug_macro   0x0000000000018515       0x43 Core/Src/main.o
 .debug_macro   0x0000000000018558     0x3652 Core/Src/main.o
 .debug_macro   0x000000000001bbaa      0x174 Core/Src/main.o
 .debug_macro   0x000000000001bd1e       0x5a Core/Src/main.o
 .debug_macro   0x000000000001bd78      0x96b Core/Src/main.o
 .debug_macro   0x000000000001c6e3      0x9fe Core/Src/main.o
 .debug_macro   0x000000000001d0e1      0x174 Core/Src/main.o
 .debug_macro   0x000000000001d255      0x117 Core/Src/main.o
 .debug_macro   0x000000000001d36c      0x13e Core/Src/main.o
 .debug_macro   0x000000000001d4aa       0x27 Core/Src/main.o
 .debug_macro   0x000000000001d4d1      0x287 Core/Src/main.o
 .debug_macro   0x000000000001d758       0x5f Core/Src/main.o
 .debug_macro   0x000000000001d7b7      0x236 Core/Src/main.o
 .debug_macro   0x000000000001d9ed      0x12c Core/Src/main.o
 .debug_macro   0x000000000001db19      0x21e Core/Src/main.o
 .debug_macro   0x000000000001dd37       0x2e Core/Src/main.o
 .debug_macro   0x000000000001dd65      0x11a Core/Src/main.o
 .debug_macro   0x000000000001de7f       0x7e Core/Src/main.o
 .debug_macro   0x000000000001defd       0x89 Core/Src/main.o
 .debug_macro   0x000000000001df86      0x8a0 Core/Src/main.o
 .debug_macro   0x000000000001e826       0x47 Core/Src/main.o
 .debug_macro   0x000000000001e86d      0x12d Core/Src/main.o
 .debug_macro   0x000000000001e99a      0x190 Core/Src/main.o
 .debug_macro   0x000000000001eb2a       0x46 Core/Src/main.o
 .debug_macro   0x000000000001eb70       0x18 Core/Src/main.o
 .debug_macro   0x000000000001eb88       0x3c Core/Src/main.o
 .debug_macro   0x000000000001ebc4       0x34 Core/Src/main.o
 .debug_macro   0x000000000001ebf8       0x16 Core/Src/main.o
 .debug_macro   0x000000000001ec0e       0x35 Core/Src/main.o
 .debug_macro   0x000000000001ec43      0x32a Core/Src/main.o
 .debug_macro   0x000000000001ef6d       0x10 Core/Src/main.o
 .debug_macro   0x000000000001ef7d       0x52 Core/Src/main.o
 .debug_macro   0x000000000001efcf       0x1f Core/Src/main.o
 .debug_macro   0x000000000001efee       0x43 Core/Src/main.o
 .debug_macro   0x000000000001f031       0x20 Core/Src/main.o
 .debug_macro   0x000000000001f051      0x1a3 Core/Src/main.o
 .debug_macro   0x000000000001f1f4       0x10 Core/Src/main.o
 .debug_macro   0x000000000001f204       0x1c Core/Src/main.o
 .debug_macro   0x000000000001f220       0x52 Core/Src/main.o
 .debug_macro   0x000000000001f272       0x40 Core/Src/main.o
 .debug_macro   0x000000000001f2b2       0x10 Core/Src/main.o
 .debug_macro   0x000000000001f2c2       0x40 Core/Src/main.o
 .debug_macro   0x000000000001f302       0xd7 Core/Src/main.o
 .debug_macro   0x000000000001f3d9       0x1c Core/Src/main.o
 .debug_macro   0x000000000001f3f5       0x3d Core/Src/main.o
 .debug_macro   0x000000000001f432       0x16 Core/Src/main.o
 .debug_macro   0x000000000001f448      0x145 Core/Src/main.o
 .debug_macro   0x000000000001f58d      0x112 Core/Src/main.o
 .debug_macro   0x000000000001f69f       0x4c Core/Src/main.o
 .debug_macro   0x000000000001f6eb       0x46 Core/Src/main.o
 .debug_macro   0x000000000001f731       0x64 Core/Src/main.o
 .debug_macro   0x000000000001f795       0x16 Core/Src/main.o
 .debug_macro   0x000000000001f7ab       0x49 Core/Src/main.o
 .debug_macro   0x000000000001f7f4       0xbc Core/Src/main.o
 .debug_macro   0x000000000001f8b0      0x204 Core/Src/main.o
 .debug_macro   0x000000000001fab4      0x450 Core/Src/main.o
 .debug_macro   0x000000000001ff04      0x15a Core/Src/main.o
 .debug_macro   0x000000000002005e       0xea Core/Src/main.o
 .debug_macro   0x0000000000020148       0x1c Core/Src/main.o
 .debug_macro   0x0000000000020164       0x26 Core/Src/main.o
 .debug_macro   0x000000000002018a      0x3d0 Core/Src/main.o
 .debug_macro   0x000000000002055a       0xb5 Core/Src/main.o
 .debug_macro   0x000000000002060f      0x120 Core/Src/main.o
 .debug_macro   0x000000000002072f      0x284 Core/Src/stm32f4xx_hal_msp.o
 .debug_macro   0x00000000000209b3       0x58 Core/Src/stm32f4xx_hal_msp.o
 .debug_macro   0x0000000000020a0b      0x1c4 Core/Src/stm32f4xx_hal_timebase_tim.o
 .debug_macro   0x0000000000020bcf      0x1dd Core/Src/stm32f4xx_it.o
 .debug_macro   0x0000000000020dac      0x1ca Core/Src/system_stm32f4xx.o
 .debug_macro   0x0000000000020f76      0x224 Drivers/STM32F4xx_HAL_Driver/Src/stm32f4xx_hal.o
 .debug_macro   0x000000000002119a      0x1c4 Drivers/STM32F4xx_HAL_Driver/Src/stm32f4xx_hal_cortex.o
 .debug_macro   0x000000000002135e      0x1fa Drivers/STM32F4xx_HAL_Driver/Src/stm32f4xx_hal_gpio.o
 .debug_macro   0x0000000000021558      0x1e8 Drivers/STM32F4xx_HAL_Driver/Src/stm32f4xx_hal_rcc.o
 .debug_macro   0x0000000000021740      0x1c5 Drivers/STM32F4xx_HAL_Driver/Src/stm32f4xx_hal_tim.o
 .debug_macro   0x0000000000021905      0x1c4 Drivers/STM32F4xx_HAL_Driver/Src/stm32f4xx_hal_tim_ex.o
 .debug_macro   0x0000000000021ac9      0x1e7 ThirdParty/FreeRTOS/list.o
 .debug_macro   0x0000000000021cb0      0x2d4 ThirdParty/FreeRTOS/tasks.o
 .debug_macro   0x0000000000021f84       0x10 ThirdParty/FreeRTOS/tasks.o
 .debug_macro   0x0000000000021f94      0x1f7 ThirdParty/FreeRTOS/portable/GCC/ARM_CM4F/port.o
 .debug_macro   0x000000000002218b      0x202 ThirdParty/FreeRTOS/portable/MemMang/heap_4.o
 .debug_macro   0x000000000002238d      0x137 ThirdParty/SEGGER/Config/SEGGER_SYSVIEW_Config_FreeRTOS.o
 .debug_macro   0x00000000000224c4      0x1f6 ThirdParty/SEGGER/OS/SEGGER_SYSVIEW_FreeRTOS.o
 .debug_macro   0x00000000000226ba      0x40f ThirdParty/SEGGER/Rec/segger_uart.o
 .debug_macro   0x0000000000022ac9       0x3a ThirdParty/SEGGER/Rec/segger_uart.o
 .debug_macro   0x0000000000022b03      0x138 ThirdParty/SEGGER/Rec/segger_uart.o
 .debug_macro   0x0000000000022c3b       0xd9 ThirdParty/SEGGER/Rec/segger_uart.o
 .debug_macro   0x0000000000022d14       0x54 ThirdParty/SEGGER/Rec/segger_uart.o
 .debug_macro   0x0000000000022d68      0x1b0 ThirdParty/SEGGER/SEGGER/SEGGER_RTT.o
 .debug_macro   0x0000000000022f18       0x34 ThirdParty/SEGGER/SEGGER/SEGGER_RTT.o
 .debug_macro   0x0000000000022f4c      0x205 ThirdParty/SEGGER/SEGGER/SEGGER_SYSVIEW.o
 .debug_macro   0x0000000000023151      0x204 ThirdParty/SEGGER/SEGGER/SEGGER_SYSVIEW.o
 .debug_macro   0x0000000000023355      0x16e ThirdParty/SEGGER/SEGGER/SEGGER_SYSVIEW.o

.debug_line     0x0000000000000000     0xe25d
 .debug_line    0x0000000000000000      0xc7a Core/Src/main.o
 .debug_line    0x0000000000000c7a      0x978 Core/Src/stm32f4xx_hal_msp.o
 .debug_line    0x00000000000015f2      0x6dd Core/Src/stm32f4xx_hal_timebase_tim.o
 .debug_line    0x0000000000001ccf      0x72b Core/Src/stm32f4xx_it.o
 .debug_line    0x00000000000023fa      0x6c4 Core/Src/system_stm32f4xx.o
 .debug_line    0x0000000000002abe       0x86 Core/Startup/startup_stm32f407vgtx.o
 .debug_line    0x0000000000002b44      0x8ae Drivers/STM32F4xx_HAL_Driver/Src/stm32f4xx_hal.o
 .debug_line    0x00000000000033f2      0x9d2 Drivers/STM32F4xx_HAL_Driver/Src/stm32f4xx_hal_cortex.o
 .debug_line    0x0000000000003dc4      0x88d Drivers/STM32F4xx_HAL_Driver/Src/stm32f4xx_hal_gpio.o
 .debug_line    0x0000000000004651      0x906 Drivers/STM32F4xx_HAL_Driver/Src/stm32f4xx_hal_rcc.o
 .debug_line    0x0000000000004f57     0x1927 Drivers/STM32F4xx_HAL_Driver/Src/stm32f4xx_hal_tim.o
 .debug_line    0x000000000000687e      0xcc4 Drivers/STM32F4xx_HAL_Driver/Src/stm32f4xx_hal_tim_ex.o
 .debug_line    0x0000000000007542      0x82c ThirdParty/FreeRTOS/list.o
 .debug_line    0x0000000000007d6e     0x15be ThirdParty/FreeRTOS/tasks.o
 .debug_line    0x000000000000932c      0x907 ThirdParty/FreeRTOS/portable/GCC/ARM_CM4F/port.o
 .debug_line    0x0000000000009c33      0x951 ThirdParty/FreeRTOS/portable/MemMang/heap_4.o
 .debug_line    0x000000000000a584      0x69c ThirdParty/SEGGER/Config/SEGGER_SYSVIEW_Config_FreeRTOS.o
 .debug_line    0x000000000000ac20      0x8c7 ThirdParty/SEGGER/OS/SEGGER_SYSVIEW_FreeRTOS.o
 .debug_line    0x000000000000b4e7      0xa0d ThirdParty/SEGGER/Rec/segger_uart.o
 .debug_line    0x000000000000bef4      0xa0e ThirdParty/SEGGER/SEGGER/SEGGER_RTT.o
 .debug_line    0x000000000000c902       0xa0 ThirdParty/SEGGER/SEGGER/SEGGER_RTT_ASM_ARMv7M.o
 .debug_line    0x000000000000c9a2     0x18bb ThirdParty/SEGGER/SEGGER/SEGGER_SYSVIEW.o

.debug_str      0x0000000000000000    0xd5234
 .debug_str     0x0000000000000000    0xcd69e Core/Src/main.o
                                      0xcda6c (size before relaxing)
 .debug_str     0x00000000000cd69e       0x2c Core/Src/stm32f4xx_hal_msp.o
                                      0xc78fe (size before relaxing)
 .debug_str     0x00000000000cd6ca      0x56f Core/Src/stm32f4xx_hal_timebase_tim.o
                                      0xc0b60 (size before relaxing)
 .debug_str     0x00000000000cdc39       0xa6 Core/Src/stm32f4xx_it.o
                                      0xc0b64 (size before relaxing)
 .debug_str     0x00000000000cdcdf       0xc4 Core/Src/system_stm32f4xx.o
                                      0xc01ea (size before relaxing)
 .debug_str     0x00000000000cdda3       0x36 Core/Startup/startup_stm32f407vgtx.o
                                         0x69 (size before relaxing)
 .debug_str     0x00000000000cddd9      0x542 Drivers/STM32F4xx_HAL_Driver/Src/stm32f4xx_hal.o
                                      0xc0cb7 (size before relaxing)
 .debug_str     0x00000000000ce31b      0x392 Drivers/STM32F4xx_HAL_Driver/Src/stm32f4xx_hal_cortex.o
                                      0xc0aa6 (size before relaxing)
 .debug_str     0x00000000000ce6ad      0x20c Drivers/STM32F4xx_HAL_Driver/Src/stm32f4xx_hal_gpio.o
                                      0xc0429 (size before relaxing)
 .debug_str     0x00000000000ce8b9      0x24f Drivers/STM32F4xx_HAL_Driver/Src/stm32f4xx_hal_rcc.o
                                      0xc05d7 (size before relaxing)
 .debug_str     0x00000000000ceb08      0xd6f Drivers/STM32F4xx_HAL_Driver/Src/stm32f4xx_hal_tim.o
                                      0xc12f6 (size before relaxing)
 .debug_str     0x00000000000cf877      0x4ec Drivers/STM32F4xx_HAL_Driver/Src/stm32f4xx_hal_tim_ex.o
                                      0xc0af6 (size before relaxing)
 .debug_str     0x00000000000cfd63      0x28e ThirdParty/FreeRTOS/list.o
                                       0xe99f (size before relaxing)
 .debug_str     0x00000000000cfff1     0x1dfc ThirdParty/FreeRTOS/tasks.o
                                      0x11a6a (size before relaxing)
 .debug_str     0x00000000000d1ded      0x7fb ThirdParty/FreeRTOS/portable/GCC/ARM_CM4F/port.o
                                       0xd2fb (size before relaxing)
 .debug_str     0x00000000000d25e8      0x330 ThirdParty/FreeRTOS/portable/MemMang/heap_4.o
                                       0xfe19 (size before relaxing)
 .debug_str     0x00000000000d2918      0x16f ThirdParty/SEGGER/Config/SEGGER_SYSVIEW_Config_FreeRTOS.o
                                       0xb1a7 (size before relaxing)
 .debug_str     0x00000000000d2a87       0xf5 ThirdParty/SEGGER/OS/SEGGER_SYSVIEW_FreeRTOS.o
                                       0xfb74 (size before relaxing)
 .debug_str     0x00000000000d2b7c     0x1057 ThirdParty/SEGGER/Rec/segger_uart.o
                                      0xc60ba (size before relaxing)
 .debug_str     0x00000000000d3bd3      0x6d4 ThirdParty/SEGGER/SEGGER/SEGGER_RTT.o
                                       0x78ed (size before relaxing)
 .debug_str     0x00000000000d42a7       0x34 ThirdParty/SEGGER/SEGGER/SEGGER_RTT_ASM_ARMv7M.o
                                         0x75 (size before relaxing)
 .debug_str     0x00000000000d42db      0xf59 ThirdParty/SEGGER/SEGGER/SEGGER_SYSVIEW.o
                                       0x98d0 (size before relaxing)

.comment        0x0000000000000000       0x7b